2026-09-19 16:44:38 [INFO] clean - ============================================================
2026-09-19 16:44:38 [INFO] clean - 开始清洗城市：wuhan
2026-09-19 16:44:38 [INFO] clean - ============================================================
2026-09-19 16:44:38 [INFO] clean - 读入原始 POI：379 条
2026-09-19 16:44:38 [INFO] clean - 去重后：317 条（去掉 62 条重复）
2026-09-19 16:44:38 [INFO] clean - 过滤后：272 条（扔掉 45 条垃圾）
2026-09-19 16:44:38 [INFO] clean - 超过上限 250 条，按评分截断
2026-09-19 16:44:38 [INFO] clean - 类别分布：
2026-09-19 16:44:38 [INFO] clean -   历史人文: 72 条
2026-09-19 16:44:38 [INFO] clean -   购物休闲: 69 条
2026-09-19 16:44:38 [INFO] clean -   自然风光: 65 条
2026-09-19 16:44:38 [INFO] clean -   美食探店: 31 条
2026-09-19 16:44:38 [INFO] clean -   夜生活: 12 条
2026-09-19 16:44:38 [INFO] clean -   其他: 1 条
2026-09-19 16:44:38 [INFO] clean - 
2026-09-19 16:44:38 [INFO] clean - ============================================================
2026-09-19 16:44:38 [INFO] clean - 清洗完成：250 条
2026-09-19 16:44:38 [INFO] clean - 输出：D:\Code\PyCharm\GraduationProject\智能旅游系统-test2\data\processed\wuhan_clean.json
2026-09-19 16:44:38 [INFO] clean - ============================================================
2026-09-19 22:24:28 [INFO] clean - ============================================================
2026-09-19 22:24:28 [INFO] clean - 开始清洗城市：wuhan
2026-09-19 22:24:28 [INFO] clean - ============================================================
2026-09-19 22:24:28 [INFO] clean - 核心词总数：28
2026-09-19 22:24:28 [INFO] clean - 读入原始 POI：379 条
2026-09-19 22:24:28 [INFO] clean - 去重后：317 条（去掉 62 条重复）
2026-09-19 22:24:28 [INFO] clean - 过滤后：252 条
2026-09-19 22:24:28 [INFO] clean -   - 硬过滤干掉：23 条
2026-09-19 22:24:28 [INFO] clean -   - 软过滤干掉：5 条
2026-09-19 22:24:28 [INFO] clean -   - 其他规则干掉：37 条
2026-09-19 22:24:28 [INFO] clean - 超过上限 250 条，按评分截断
2026-09-19 22:24:28 [INFO] clean - 类别分布：
2026-09-19 22:24:28 [INFO] clean -   购物休闲: 74 条
2026-09-19 22:24:28 [INFO] clean -   历史人文: 65 条
2026-09-19 22:24:28 [INFO] clean -   自然风光: 54 条
2026-09-19 22:24:28 [INFO] clean -   美食探店: 42 条
2026-09-19 22:24:28 [INFO] clean -   夜生活: 12 条
2026-09-19 22:24:28 [INFO] clean -   其他: 3 条
2026-09-19 22:24:28 [INFO] clean - 
2026-09-19 22:24:28 [INFO] clean - ============================================================
2026-09-19 22:24:28 [INFO] clean - 清洗完成：250 条
2026-09-19 22:24:28 [INFO] clean - 输出：D:\Code\PyCharm\GraduationProject\智能旅游系统-test2\data\processed\wuhan_clean.json
2026-09-19 22:24:28 [INFO] clean - ============================================================
2026-10-01 01:01:10 [INFO] clean - ============================================================
2026-10-01 01:01:10 [INFO] clean - 开始清洗景点：wuhan
2026-10-01 01:01:10 [INFO] clean - ============================================================
2026-10-01 01:01:10 [INFO] clean - 核心词总数：28
2026-10-01 01:01:10 [INFO] clean - 读入原始 POI：380 条
2026-10-01 01:01:10 [INFO] clean - 去重后：314 条（去掉 66 条重复）
2026-10-01 01:01:10 [INFO] clean - 过滤后：249 条
2026-10-01 01:01:10 [INFO] clean -   - brand_store: 34 条
2026-10-01 01:01:10 [INFO] clean -   - hard_exclude: 21 条
2026-10-01 01:01:10 [INFO] clean -   - sub_facility: 5 条
2026-10-01 01:01:10 [INFO] clean -   - soft_exclude: 5 条
2026-10-01 01:01:10 [INFO] clean - 类别分布（按 type 关键词粗看）：
2026-10-01 01:01:10 [INFO] clean -   风景名胜: 99 条
2026-10-01 01:01:10 [INFO] clean -   购物服务: 82 条
2026-10-01 01:01:10 [INFO] clean -   地名地址信息: 19 条
2026-10-01 01:01:10 [INFO] clean -   科教文化服务: 16 条
2026-10-01 01:01:10 [INFO] clean -   餐饮服务: 15 条
2026-10-01 01:01:10 [INFO] clean -   商务住宅: 8 条
2026-10-01 01:01:10 [INFO] clean -   体育休闲服务: 6 条
2026-10-01 01:01:10 [INFO] clean -   公司企业: 1 条
2026-10-01 01:01:10 [INFO] clean -   公共设施: 1 条
2026-10-01 01:01:10 [INFO] clean -   交通设施服务: 1 条
2026-10-01 01:01:10 [INFO] clean - 
2026-10-01 01:01:10 [INFO] clean - ============================================================
2026-10-01 01:01:10 [INFO] clean - 景点清洗完成：249 条
2026-10-01 01:01:10 [INFO] clean - 输出：D:\Code\PyCharm\GraduationProject\smart-travel\data\processed\wuhan_clean.json
2026-10-01 01:01:10 [INFO] clean - ============================================================
2026-10-01 01:01:10 [INFO] clean - 
2026-10-01 01:01:10 [INFO] clean - ============================================================
2026-10-01 01:01:10 [INFO] clean - 开始清洗锚点：wuhan
2026-10-01 01:01:10 [INFO] clean - ============================================================
2026-10-01 01:01:10 [INFO] clean - 读入锚点：18 条
2026-10-01 01:01:10 [INFO] clean - 锚点清洗完成：18 条
2026-10-01 01:01:10 [INFO] clean - 输出：D:\Code\PyCharm\GraduationProject\smart-travel\data\processed\wuhan_anchors_clean.json
2026-10-04 22:58:17 [INFO] clean - ============================================================
2026-10-04 22:58:17 [INFO] clean - 开始清洗景点：wuhan
2026-10-04 22:58:17 [INFO] clean - ============================================================
2026-10-04 22:58:17 [INFO] clean - 核心词总数：28
2026-10-04 22:58:17 [INFO] clean - 读入原始 POI：380 条
2026-10-04 22:58:17 [INFO] clean - 去重后：314 条（去掉 66 条重复）
2026-10-04 22:58:17 [INFO] clean - 过滤后：248 条
2026-10-04 22:58:17 [INFO] clean -   - brand_store: 34 条
2026-10-04 22:58:17 [INFO] clean -   - hard_exclude: 21 条
2026-10-04 22:58:17 [INFO] clean -   - sub_facility: 5 条
2026-10-04 22:58:17 [INFO] clean -   - soft_exclude: 5 条
2026-10-04 22:58:17 [INFO] clean -   - local_exclude: 1 条
2026-10-04 22:58:17 [INFO] clean - 类型分布（按 type 第一段粗看）：
2026-10-04 22:58:17 [INFO] clean -   风景名胜: 98 条
2026-10-04 22:58:17 [INFO] clean -   购物服务: 82 条
2026-10-04 22:58:17 [INFO] clean -   地名地址信息: 19 条
2026-10-04 22:58:17 [INFO] clean -   科教文化服务: 16 条
2026-10-04 22:58:17 [INFO] clean -   餐饮服务: 15 条
2026-10-04 22:58:17 [INFO] clean -   商务住宅: 8 条
2026-10-04 22:58:17 [INFO] clean -   体育休闲服务: 6 条
2026-10-04 22:58:17 [INFO] clean -   公司企业: 1 条
2026-10-04 22:58:17 [INFO] clean -   公共设施: 1 条
2026-10-04 22:58:17 [INFO] clean -   交通设施服务: 1 条
2026-10-04 22:58:17 [INFO] clean - 
2026-10-04 22:58:17 [INFO] clean - ============================================================
2026-10-04 22:58:17 [INFO] clean - 景点清洗完成：248 条
2026-10-04 22:58:17 [INFO] clean - 输出：D:\Code\PyCharm\GraduationProject\smart-travel\data\processed\wuhan_clean.json
2026-10-04 22:58:17 [INFO] clean - ============================================================
2026-10-04 22:58:17 [INFO] clean - 
2026-10-04 22:58:17 [INFO] clean - ============================================================
2026-10-04 22:58:17 [INFO] clean - 开始清洗锚点：wuhan
2026-10-04 22:58:17 [INFO] clean - ============================================================
2026-10-04 22:58:17 [INFO] clean - 读入锚点：18 条
2026-10-04 22:58:17 [INFO] clean - 锚点清洗完成：18 条
2026-10-04 22:58:17 [INFO] clean - 输出：D:\Code\PyCharm\GraduationProject\smart-travel\data\processed\wuhan_anchors_clean.json
