2026-09-19 16:18:03 [INFO] crawl - ============================================================
2026-09-19 16:18:03 [INFO] crawl - 开始抓取城市：wuhan
2026-09-19 16:18:03 [INFO] crawl - ============================================================
2026-09-19 16:18:03 [INFO] crawl - 城市：武汉（region=武汉）
2026-09-19 16:18:03 [INFO] crawl - 核心景点分组：['历史人文', '自然风光', '美食探店', '购物休闲', '夜生活']
2026-09-19 16:18:03 [INFO] crawl - 类别词：['美食街', '小吃街', '风景区', '寺庙', '步行街', '商业街']
2026-09-19 16:21:20 [INFO] crawl - ============================================================
2026-09-19 16:21:20 [INFO] crawl - 开始抓取城市：wuhan
2026-09-19 16:21:20 [INFO] crawl - ============================================================
2026-09-19 16:21:20 [INFO] crawl - 城市：武汉（region=武汉）
2026-09-19 16:21:20 [INFO] crawl - 核心景点分组：['历史人文', '自然风光', '美食探店', '购物休闲', '夜生活']
2026-09-19 16:21:20 [INFO] crawl - 类别词：['美食街', '小吃街', '风景区', '寺庙', '步行街', '商业街']
2026-09-19 16:24:56 [INFO] crawl - ============================================================
2026-09-19 16:24:56 [INFO] crawl - 开始抓取城市：wuhan
2026-09-19 16:24:56 [INFO] crawl - ============================================================
2026-09-19 16:24:56 [INFO] crawl - 城市：武汉（region=武汉）
2026-09-19 16:24:56 [INFO] crawl - 核心景点分组：['历史人文', '自然风光', '美食探店', '购物休闲', '夜生活']
2026-09-19 16:24:56 [INFO] crawl - 类别词：['美食街', '小吃街', '风景区', '寺庙', '步行街', '商业街']
2026-09-19 16:24:56 [INFO] crawl - 
2026-09-19 16:24:56 [INFO] crawl - 【第一轮】核心景点抓取
2026-09-19 16:24:56 [INFO] crawl - ------------------------------------------------------------
2026-09-19 16:24:56 [INFO] crawl - [历史人文] 9 个核心词
2026-09-19 16:24:58 [INFO] crawl -   [黄鹤楼] 第1页 5 条
2026-09-19 16:24:59 [INFO] crawl -   [晴川阁] 第1页 5 条
2026-09-19 16:25:00 [INFO] crawl -   [归元禅寺] 第1页 5 条
2026-09-19 16:25:01 [INFO] crawl -   [古德寺] 第1页 5 条
2026-09-19 16:25:02 [INFO] crawl -   [湖北省博物馆] 第1页 5 条
2026-09-19 16:25:02 [INFO] crawl -   [辛亥革命博物院] 第1页 5 条
2026-09-19 16:25:03 [INFO] crawl -   [江汉关博物馆] 第1页 4 条
2026-09-19 16:25:04 [INFO] crawl -   [昙华林] 第1页 5 条
2026-09-19 16:25:05 [INFO] crawl -   [黎黄陂路] 第1页 5 条
2026-09-19 16:25:05 [INFO] crawl - [自然风光] 8 个核心词
2026-09-19 16:25:06 [INFO] crawl -   [东湖] 第1页 5 条
2026-09-19 16:25:06 [INFO] crawl -   [磨山] 第1页 5 条
2026-09-19 16:25:07 [INFO] crawl -   [武汉大学] 第1页 5 条
2026-09-19 16:25:08 [INFO] crawl -   [龟山] 第1页 5 条
2026-09-19 16:25:09 [INFO] crawl -   [木兰天池] 第1页 5 条
2026-09-19 16:25:10 [INFO] crawl -   [沙湖公园] 第1页 5 条
2026-09-19 16:25:11 [INFO] crawl -   [解放公园] 第1页 5 条
2026-09-19 16:25:12 [INFO] crawl -   [中山公园] 第1页 5 条
2026-09-19 16:25:12 [INFO] crawl - [美食探店] 4 个核心词
2026-09-19 16:25:12 [INFO] crawl -   [户部巷] 第1页 5 条
2026-09-19 16:25:13 [INFO] crawl -   [吉庆街] 第1页 5 条
2026-09-19 16:25:14 [INFO] crawl -   [粮道街] 第1页 5 条
2026-09-19 16:25:15 [INFO] crawl -   [万松园] 第1页 5 条
2026-09-19 16:25:16 [INFO] crawl - [购物休闲] 4 个核心词
2026-09-19 16:25:16 [INFO] crawl -   [楚河汉街] 第1页 5 条
2026-09-19 16:25:17 [INFO] crawl -   [江汉路步行街] 第1页 5 条
2026-09-19 16:25:18 [INFO] crawl -   [光谷步行街] 第1页 5 条
2026-09-19 16:25:19 [INFO] crawl -   [武汉天地] 第1页 5 条
2026-09-19 16:25:19 [INFO] crawl - [夜生活] 3 个核心词
2026-09-19 16:25:20 [INFO] crawl -   [汉口江滩] 第1页 5 条
2026-09-19 16:25:21 [INFO] crawl -   [武昌江滩] 第1页 5 条
2026-09-19 16:25:23 [INFO] crawl -   [长江夜游] 第1页 5 条
2026-09-19 16:25:23 [INFO] crawl - 
2026-09-19 16:25:23 [INFO] crawl - 【第二轮】类别补充抓取
2026-09-19 16:25:23 [INFO] crawl - ------------------------------------------------------------
2026-09-19 16:25:26 [INFO] crawl -   [美食街] 第1页 20 条
2026-09-19 16:25:28 [INFO] crawl -   [美食街] 第2页 20 条
2026-09-19 16:25:30 [INFO] crawl -   [小吃街] 第1页 20 条
2026-09-19 16:25:32 [INFO] crawl -   [小吃街] 第2页 20 条
2026-09-19 16:25:34 [INFO] crawl -   [风景区] 第1页 20 条
2026-09-19 16:25:35 [INFO] crawl -   [风景区] 第2页 20 条
2026-09-19 16:25:37 [INFO] crawl -   [寺庙] 第1页 20 条
2026-09-19 16:25:38 [INFO] crawl -   [寺庙] 第2页 20 条
2026-09-19 16:25:39 [INFO] crawl -   [步行街] 第1页 20 条
2026-09-19 16:25:40 [INFO] crawl -   [步行街] 第2页 20 条
2026-09-19 16:25:41 [INFO] crawl -   [商业街] 第1页 20 条
2026-09-19 16:25:42 [INFO] crawl -   [商业街] 第2页 20 条
2026-09-19 16:25:42 [INFO] crawl - 
2026-09-19 16:25:42 [INFO] crawl - ============================================================
2026-09-19 16:25:42 [INFO] crawl - 抓取完成：379 条原始 POI
2026-09-19 16:25:42 [INFO] crawl - 耗时：45.9 秒
2026-09-19 16:25:42 [INFO] crawl - 输出：D:\Code\PyCharm\GraduationProject\智能旅游系统-test2\data\raw\wuhan_pois.json
2026-09-19 16:25:42 [INFO] crawl - ============================================================
2026-10-01 00:49:02 [INFO] crawl - ============================================================
2026-10-01 00:49:02 [INFO] crawl - 开始抓取城市：wuhan
2026-10-01 00:49:02 [INFO] crawl - ============================================================
2026-10-01 00:49:02 [INFO] crawl - 城市：武汉（region=武汉）
2026-10-01 00:49:02 [INFO] crawl - 核心景点分组：['历史人文', '自然风光', '美食探店', '购物休闲', '夜生活']
2026-10-01 00:49:02 [INFO] crawl - 类别词：['美食街', '小吃街', '风景区', '寺庙', '步行街', '商业街']
2026-10-01 00:49:02 [INFO] crawl - 
2026-10-01 00:49:02 [INFO] crawl - 【第一轮】核心景点抓取
2026-10-01 00:49:02 [INFO] crawl - ------------------------------------------------------------
2026-10-01 00:49:02 [INFO] crawl - [历史人文] 9 个核心词
2026-10-01 00:49:03 [INFO] crawl -   [黄鹤楼] 第1页 5 条
2026-10-01 00:49:15 [INFO] crawl -   [晴川阁] 第1页 5 条
2026-10-01 00:49:16 [INFO] crawl -   [归元禅寺] 第1页 5 条
2026-10-01 00:49:17 [INFO] crawl -   [古德寺] 第1页 5 条
2026-10-01 00:49:18 [INFO] crawl -   [湖北省博物馆] 第1页 5 条
2026-10-01 00:49:18 [INFO] crawl -   [辛亥革命博物院] 第1页 5 条
2026-10-01 00:49:19 [INFO] crawl -   [江汉关博物馆] 第1页 5 条
2026-10-01 00:49:20 [INFO] crawl -   [昙华林] 第1页 5 条
2026-10-01 00:49:20 [INFO] crawl -   [黎黄陂路] 第1页 5 条
2026-10-01 00:49:21 [INFO] crawl - [自然风光] 8 个核心词
2026-10-01 00:49:21 [INFO] crawl -   [东湖] 第1页 5 条
2026-10-01 00:49:22 [INFO] crawl -   [磨山] 第1页 5 条
2026-10-01 00:49:23 [INFO] crawl -   [武汉大学] 第1页 5 条
2026-10-01 00:49:23 [INFO] crawl -   [龟山] 第1页 5 条
2026-10-01 00:49:24 [INFO] crawl -   [木兰天池] 第1页 5 条
2026-10-01 00:49:25 [INFO] crawl -   [沙湖公园] 第1页 5 条
2026-10-01 00:49:25 [INFO] crawl -   [解放公园] 第1页 5 条
2026-10-01 00:49:26 [INFO] crawl -   [中山公园] 第1页 5 条
2026-10-01 00:49:26 [INFO] crawl - [美食探店] 4 个核心词
2026-10-01 00:49:27 [INFO] crawl -   [户部巷] 第1页 5 条
2026-10-01 00:49:28 [INFO] crawl -   [吉庆街] 第1页 5 条
2026-10-01 00:49:28 [INFO] crawl -   [粮道街] 第1页 5 条
2026-10-01 00:49:29 [INFO] crawl -   [万松园] 第1页 5 条
2026-10-01 00:49:29 [INFO] crawl - [购物休闲] 4 个核心词
2026-10-01 00:49:30 [INFO] crawl -   [楚河汉街] 第1页 5 条
2026-10-01 00:49:31 [INFO] crawl -   [江汉路步行街] 第1页 5 条
2026-10-01 00:49:31 [INFO] crawl -   [光谷步行街] 第1页 5 条
2026-10-01 00:49:32 [INFO] crawl -   [武汉天地] 第1页 5 条
2026-10-01 00:49:32 [INFO] crawl - [夜生活] 3 个核心词
2026-10-01 00:49:34 [INFO] crawl -   [汉口江滩] 第1页 5 条
2026-10-01 00:49:34 [INFO] crawl -   [武昌江滩] 第1页 5 条
2026-10-01 00:49:35 [INFO] crawl -   [长江夜游] 第1页 5 条
2026-10-01 00:49:36 [INFO] crawl - 
2026-10-01 00:49:36 [INFO] crawl - 【第二轮】类别补充抓取
2026-10-01 00:49:36 [INFO] crawl - ------------------------------------------------------------
2026-10-01 00:49:36 [INFO] crawl -   [美食街] 第1页 20 条
2026-10-01 00:49:37 [INFO] crawl -   [美食街] 第2页 20 条
2026-10-01 00:49:38 [INFO] crawl -   [小吃街] 第1页 20 条
2026-10-01 00:49:38 [INFO] crawl -   [小吃街] 第2页 20 条
2026-10-01 00:49:39 [INFO] crawl -   [风景区] 第1页 20 条
2026-10-01 00:49:40 [INFO] crawl -   [风景区] 第2页 20 条
2026-10-01 00:49:41 [INFO] crawl -   [寺庙] 第1页 20 条
2026-10-01 00:49:41 [INFO] crawl -   [寺庙] 第2页 20 条
2026-10-01 00:49:42 [INFO] crawl -   [步行街] 第1页 20 条
2026-10-01 00:49:43 [INFO] crawl -   [步行街] 第2页 20 条
2026-10-01 00:49:44 [INFO] crawl -   [商业街] 第1页 20 条
2026-10-01 00:49:45 [INFO] crawl -   [商业街] 第2页 20 条
2026-10-01 00:49:45 [INFO] crawl - 
2026-10-01 00:49:45 [INFO] crawl - 景点抓取完成：380 条 → D:\Code\PyCharm\GraduationProject\smart-travel\data\raw\wuhan_pois.json
2026-10-01 00:49:45 [INFO] crawl - 
2026-10-01 00:49:45 [INFO] crawl - 【第三轮】锚点抓取（交通枢纽 + 住宿区）
2026-10-01 00:49:45 [INFO] crawl - ------------------------------------------------------------
2026-10-01 00:49:45 [INFO] crawl - 交通枢纽：5 个
2026-10-01 00:49:45 [INFO] crawl -   [武汉站] 抓到：114.424338,30.606981
2026-10-01 00:49:46 [INFO] crawl -   [汉口站] 抓到：114.254807,30.618527
2026-10-01 00:49:47 [INFO] crawl -   [武昌站] 抓到：114.317603,30.528545
2026-10-01 00:49:47 [INFO] crawl -   [武汉东站] 抓到：114.430331,30.486207
2026-10-01 00:49:48 [WARNING] crawl -   锚点 [天河机场] 无完全匹配，退回第一条：武汉天河国际机场
2026-10-01 00:49:48 [INFO] crawl -   [天河机场] 抓到：114.221917,30.776449
2026-10-01 00:49:49 [INFO] crawl - 住宿区：13 个
2026-10-01 00:49:49 [INFO] crawl -   [武昌区] 抓到：114.316464,30.554180
2026-10-01 00:49:50 [INFO] crawl -   [汉阳区] 抓到：114.218590,30.554287
2026-10-01 00:49:50 [INFO] crawl -   [青山区] 抓到：114.385424,30.639842
2026-10-01 00:49:51 [INFO] crawl -   [洪山区] 抓到：114.342664,30.500642
2026-10-01 00:49:52 [INFO] crawl -   [汉南区] 抓到：114.084582,30.308776
2026-10-01 00:49:53 [INFO] crawl -   [蔡甸区] 抓到：114.087279,30.536395
2026-10-01 00:49:53 [INFO] crawl -   [江夏区] 抓到：114.320884,30.375580
2026-10-01 00:49:54 [INFO] crawl -   [黄陂区] 抓到：114.375698,30.882305
2026-10-01 00:49:56 [INFO] crawl -   [新洲区] 抓到：114.801284,30.841304
2026-10-01 00:49:56 [INFO] crawl -   [江岸区] 抓到：114.282987,30.633093
2026-10-01 00:49:57 [INFO] crawl -   [江汉区] 抓到：114.270763,30.601129
2026-10-01 00:49:58 [INFO] crawl -   [硚口区] 抓到：114.214746,30.582559
2026-10-01 00:49:59 [INFO] crawl -   [东西湖区] 抓到：114.136295,30.620079
2026-10-01 00:49:59 [INFO] crawl - 
2026-10-01 00:49:59 [INFO] crawl - 锚点抓取完成：18 条 → D:\Code\PyCharm\GraduationProject\smart-travel\data\raw\wuhan_anchors.json
2026-10-01 00:49:59 [INFO] crawl - 
2026-10-01 00:49:59 [INFO] crawl - ============================================================
2026-10-01 00:49:59 [INFO] crawl - 抓取完成
2026-10-01 00:49:59 [INFO] crawl -   景点：380 条
2026-10-01 00:49:59 [INFO] crawl -   锚点：18 条
2026-10-01 00:49:59 [INFO] crawl -   耗时：56.5 秒
2026-10-01 00:49:59 [INFO] crawl - ============================================================
