2026-10-04 01:21:23 [INFO] picker - [综合] 候选 8 → 选中 5：['长春观', '辛亥革命博物院', '昙华林', '晴川阁', '铁佛寺']
2026-10-04 01:21:23 [INFO] picker - [综合] 候选 9 → 选中 5：['江汉关大楼', '吉庆街牌坊', '汉口江滩', '武汉博物馆', '武汉园博园']
2026-10-04 01:21:23 [INFO] picker - [综合] 候选 11 → 选中 5：['宝通禅寺', '武汉大学', '湖北省博物馆', '东湖生态旅游风景区', '斗战胜佛']
2026-10-04 01:23:58 [INFO] picker - [综合] 候选 8 → 选中 5：['长春观', '昙华林', '黄鹤楼', '晴川阁', '铁佛寺']
2026-10-04 01:23:58 [INFO] picker - [综合] 候选 9 → 选中 5：['江汉关博物馆', '吉庆街牌坊', '汉口栖隐寺', '武汉博物馆', '汉口江滩']
2026-10-04 01:23:58 [INFO] picker - [综合] 候选 11 → 选中 5：['湖北省博物馆', '湖光序曲', '斗战胜佛', '东湖生态旅游风景区', '卓刀泉寺']
2026-10-04 01:24:20 [INFO] picker - [综合] 候选 8 → 选中 5：['长春观', '黄鹤楼', '晴川阁', '铁佛寺', '归元禅寺']
2026-10-04 01:24:20 [INFO] picker - [综合] 候选 9 → 选中 5：['江汉关大楼', '吉庆街牌坊', '汉口栖隐寺', '汉口江滩', '武汉园博园']
2026-10-04 01:24:20 [INFO] picker - [综合] 候选 11 → 选中 5：['湖北省博物馆', '凌波门东湖观景点', '卓刀泉寺', '落雁景区', '斗战胜佛']
2026-10-04 01:24:20 [INFO] picker - 地图已保存：picker_wuhan_综合.html
2026-10-04 01:27:25 [INFO] picker - [悠闲] 候选 8 → 选中 4：['龙华寺', '黄鹤楼', '晴川阁', '归元禅寺']
2026-10-04 01:27:25 [INFO] picker - [悠闲] 候选 12 → 选中 4：['江汉关大楼', '黎黄陂路旅游休闲街区', '汉口江滩', '东湖生态旅游风景区']
2026-10-04 01:27:25 [INFO] picker - [悠闲] 候选 6 → 选中 4：['宝通禅寺', '武汉大学', '卓刀泉寺', '湖光序曲']
2026-10-04 01:27:25 [INFO] picker - [悠闲] 候选 2 ≤ 目标 4，全选
2026-10-04 01:27:25 [INFO] picker - 地图已保存：picker_wuhan_悠闲.html
2026-10-04 01:29:48 [INFO] picker - [口碑] 候选 8 → 选中 5：['长春观', '黄鹤楼', '晴川阁', '铁佛寺', '归元禅寺']
2026-10-04 01:29:48 [INFO] picker - [口碑] 候选 9 → 选中 5：['武汉旅游观光巴士', '黎黄陂路旅游休闲街区', '汉口江滩', '武汉博物馆', '武汉园博园']
2026-10-04 01:29:48 [INFO] picker - [口碑] 候选 11 → 选中 5：['湖北省博物馆', '湖光序曲', '斗战胜佛', '落雁景区', '磨山']
2026-10-04 01:29:48 [INFO] picker - 地图已保存：picker_wuhan_口碑.html
2026-10-05 01:24:34 [INFO] picker - [picker] 加载 core_spots：28 个
2026-10-05 01:24:34 [INFO] picker - [综合] 候选 13 → 选中 5：['昙华林', '龙华寺', '晴川阁', '铁佛寺', '吉庆街']
2026-10-05 01:24:34 [INFO] picker - [picker] 加载 core_spots：28 个
2026-10-05 01:24:34 [INFO] picker - [综合] 候选 9 → 选中 5：['楚河汉街', '后街夜市', '武昌江滩', '黎黄陂路旅游休闲街区', '铁机路江滩灯塔']
2026-10-05 01:24:34 [INFO] picker - [picker] 加载 core_spots：28 个
2026-10-05 01:24:34 [INFO] picker - [综合] 候选 9 → 选中 5：['东湖听涛景区', '湖光序曲', '光谷小吃街', '光谷西班牙风情街', '长亭古道商业街']
2026-10-05 01:29:05 [INFO] picker - [picker] 加载 core_spots：28 个
2026-10-05 01:29:05 [INFO] picker - [综合] 候选 13 → 选中 5：['昙华林', '户部巷小吃一条街', '铁佛寺', '吉庆街', '江汉路步行街']
2026-10-05 01:29:05 [INFO] picker - [picker] 加载 core_spots：28 个
2026-10-05 01:29:05 [INFO] picker - [综合] 候选 9 → 选中 5：['楚河汉街', '后街夜市', '黎黄陂路街头博物馆', '黎黄陂路旅游休闲街区', '汉口江滩']
2026-10-05 01:29:05 [INFO] picker - [picker] 加载 core_spots：28 个
2026-10-05 01:29:05 [INFO] picker - [综合] 候选 9 → 选中 5：['东湖听涛景区', '湖光序曲', '落雁景区', '光谷小吃街', '长亭古道商业街']
2026-10-05 01:29:05 [INFO] picker - 地图已保存：picker_wuhan_综合_情侣.html
2026-10-05 01:40:41 [INFO] picker - [picker] 加载 core_spots：28 个
2026-10-05 01:40:41 [INFO] picker - [综合] 候选 13 → 选中 5：['昙华林', '户部巷小吃一条街', '汉口栖隐寺', '吉庆街', '江汉路步行街']
2026-10-05 01:40:41 [INFO] picker - [picker] 加载 core_spots：28 个
2026-10-05 01:40:41 [INFO] picker - [综合] 候选 9 → 选中 5：['楚河汉街', '后街夜市', '黎黄陂路街头博物馆', '黎黄陂路旅游休闲街区', '汉口江滩']
2026-10-05 01:40:41 [INFO] picker - [picker] 加载 core_spots：28 个
2026-10-05 01:40:41 [INFO] picker - [综合] 候选 9 → 选中 5：['东湖听涛景区', '湖光序曲', '落雁景区', '光谷西班牙风情街', '长亭古道商业街']
2026-10-05 01:40:41 [INFO] picker - 地图已保存：picker_wuhan_综合_情侣.html
2026-10-05 01:43:26 [INFO] picker - [picker] 加载 core_spots：28 个
2026-10-05 01:43:26 [INFO] picker - [综合] 候选 13 → 选中 5：['昙华林', '户部巷小吃一条街', '汉口栖隐寺', '吉庆街', '江汉路步行街']
2026-10-05 01:43:26 [INFO] picker - [picker] 加载 core_spots：28 个
2026-10-05 01:43:26 [INFO] picker - [综合] 候选 9 → 选中 5：['楚河汉街', '后街夜市', '黎黄陂路街头博物馆', '黎黄陂路旅游休闲街区', '汉口江滩']
2026-10-05 01:43:26 [INFO] picker - [picker] 加载 core_spots：28 个
2026-10-05 01:43:26 [INFO] picker - [综合] 候选 9 → 选中 5：['东湖听涛景区', '湖光序曲', '落雁景区', '光谷西班牙风情街', '长亭古道商业街']
2026-10-05 01:43:26 [INFO] picker - 地图已保存：picker_wuhan_综合_情侣.html
2026-10-05 01:43:41 [INFO] picker - [picker] 加载 core_spots：28 个
2026-10-05 01:43:41 [INFO] picker - [综合] 候选 13 → 选中 5：['昙华林', '户部巷小吃一条街', '汉口栖隐寺', '吉庆街', '江汉路步行街']
2026-10-05 01:43:41 [INFO] picker - [picker] 加载 core_spots：28 个
2026-10-05 01:43:41 [INFO] picker - [综合] 候选 9 → 选中 5：['楚河汉街', '后街夜市', '黎黄陂路街头博物馆', '黎黄陂路旅游休闲街区', '汉口江滩']
2026-10-05 01:43:41 [INFO] picker - [picker] 加载 core_spots：28 个
2026-10-05 01:43:41 [INFO] picker - [综合] 候选 9 → 选中 5：['东湖听涛景区', '湖光序曲', '落雁景区', '光谷西班牙风情街', '长亭古道商业街']
2026-10-05 01:43:41 [INFO] picker - 地图已保存：picker_wuhan_综合_情侣.html
2026-10-05 01:49:17 [INFO] picker - [picker] 加载 core_spots：28 个
2026-10-05 01:49:17 [INFO] picker - [综合] 候选 8 → 选中 5：['黄鹤楼', '户部巷小吃一条街', '晴川阁', '铁佛寺', '长堤街夜市']
2026-10-05 01:49:21 [INFO] picker - [picker] 加载 core_spots：28 个
2026-10-05 01:49:21 [INFO] picker - [综合] 候选 13 → 选中 5：['龙华寺', '黄鹤楼', '铁佛寺', '长堤街夜市', '江汉路步行街']
2026-10-05 01:49:25 [INFO] picker - [picker] 加载 core_spots：28 个
2026-10-05 01:49:25 [INFO] picker - [综合] 候选 16 → 选中 5：['龙华寺', '汉口栖隐寺', '江汉路步行街', '黎黄陂路街头博物馆', '武汉江滩1期(沿江大道)']
2026-10-05 01:49:30 [INFO] picker - [picker] 加载 core_spots：28 个
2026-10-05 01:49:30 [INFO] picker - [综合] 候选 13 → 选中 5：['昙华林', '户部巷风情街', '世纪江尚商业街', '江汉路步行街', '铁佛寺']
2026-10-05 01:49:34 [INFO] picker - [picker] 加载 core_spots：28 个
2026-10-05 01:49:34 [INFO] picker - [综合] 候选 13 → 选中 5：['昙华林', '黄鹤楼', '晴川阁', '吉庆街', '吉庆民俗街']
2026-10-05 01:49:38 [INFO] picker - [picker] 加载 core_spots：28 个
2026-10-05 01:49:38 [INFO] picker - [综合] 候选 13 → 选中 5：['黄鹤楼', '户部巷风情街', '吉庆街', '江汉路步行街', '吉庆民俗街']
2026-10-05 01:49:43 [INFO] picker - [picker] 加载 core_spots：28 个
2026-10-05 01:49:43 [INFO] picker - [综合] 候选 13 → 选中 5：['昙华林', '户部巷风情街', '江汉路步行街', '吉庆民俗街', '长堤街夜市']
2026-10-05 01:49:48 [INFO] picker - [picker] 加载 core_spots：28 个
2026-10-05 01:49:48 [INFO] picker - [综合] 候选 13 → 选中 5：['昙华林', '户部巷风情街', '晴川阁', '世纪江尚商业街', '龙华寺']
2026-10-05 01:49:52 [INFO] picker - [picker] 加载 core_spots：28 个
2026-10-05 01:49:52 [INFO] picker - [综合] 候选 13 → 选中 5：['黄鹤楼', '户部巷风情街', '户部巷小吃一条街', '晴川阁', '江汉路步行街']
2026-10-05 01:49:56 [INFO] picker - [picker] 加载 core_spots：28 个
2026-10-05 01:49:56 [INFO] picker - [综合] 候选 13 → 选中 5：['昙华林', '黄鹤楼', '晴川阁', '铁佛寺', '吉庆街']
2026-10-05 01:52:18 [INFO] picker - [picker] 加载 core_spots：28 个
2026-10-05 01:52:18 [INFO] picker - [综合] 候选 8 → 选中 5：['昙华林历史文化街区', '昙华林·蓝蝴蝶教堂', '黄鹤楼', '晴川阁', '铁佛寺']
2026-10-05 01:52:18 [INFO] picker - [picker] 加载 core_spots：28 个
2026-10-05 01:52:18 [INFO] picker - [综合] 候选 7 → 选中 5：['江汉关大楼', '黎黄陂路街头博物馆', '汉口江滩-芦苇滩', '古德寺(宗教活动场所)(暂停开放)', '武汉博物馆']
2026-10-05 01:52:18 [INFO] picker - [picker] 加载 core_spots：28 个
2026-10-05 01:52:18 [INFO] picker - [综合] 候选 15 → 选中 5：['洪山公园', '武汉大学', '凌波门东湖观景点', '磨山', '光谷西班牙风情街']
2026-10-05 01:52:19 [INFO] picker - [picker] 加载 core_spots：28 个
2026-10-05 01:52:19 [INFO] picker - [综合] 候选 10 → 选中 5：['晴川阁', '汉口栖隐寺', '江汉关博物馆', '汉口江滩-芦苇滩', '古德寺(宗教活动场所)(暂停开放)']
2026-10-05 01:52:19 [INFO] picker - [picker] 加载 core_spots：28 个
2026-10-05 01:52:19 [INFO] picker - [综合] 候选 10 → 选中 5：['昙华林·蓝蝴蝶教堂', '黄鹤楼', '龙华寺', '东湖生态旅游风景区', '落雁景区']
2026-10-05 01:52:19 [INFO] picker - [picker] 加载 core_spots：28 个
2026-10-05 01:52:19 [INFO] picker - [综合] 候选 10 → 选中 5：['湖北省博物馆', '东湖听涛景区', '凌波门东湖观景点', '武汉大学', '武汉东湖']
2026-10-05 01:52:19 [INFO] picker - [picker] 加载 core_spots：28 个
2026-10-05 01:52:19 [INFO] picker - [综合] 候选 10 → 选中 5：['江汉关大楼', '汉口江滩-芦苇滩', '古德寺(宗教活动场所)(暂停开放)', '武汉博物馆', '归元禅寺']
2026-10-05 01:52:19 [INFO] picker - [picker] 加载 core_spots：28 个
2026-10-05 01:52:19 [INFO] picker - [综合] 候选 10 → 选中 5：['昙华林历史文化街区', '黄鹤楼', '辛亥革命博物院', '光谷西班牙风情街', '东湖生态旅游风景区']
2026-10-05 01:52:19 [INFO] picker - [picker] 加载 core_spots：28 个
2026-10-05 01:52:19 [INFO] picker - [综合] 候选 10 → 选中 5：['湖北省博物馆', '东湖听涛景区', '凌波门东湖观景点', '武汉大学', '华中农业大学梧桐路步行街']
2026-10-05 01:52:19 [INFO] picker - [picker] 加载 core_spots：28 个
2026-10-05 01:52:19 [INFO] picker - [综合] 候选 8 → 选中 5：['昙华林·蓝蝴蝶教堂', '黄鹤楼', '晴川阁', '铁佛寺', '归元禅寺']
2026-10-05 01:52:19 [INFO] picker - [picker] 加载 core_spots：28 个
2026-10-05 01:52:19 [INFO] picker - [综合] 候选 7 → 选中 5：['江汉关博物馆', '黎黄陂路街头博物馆', '汉口栖隐寺', '武汉博物馆', '古德寺(宗教活动场所)(暂停开放)']
2026-10-05 01:52:19 [INFO] picker - [picker] 加载 core_spots：28 个
2026-10-05 01:52:19 [INFO] picker - [综合] 候选 15 → 选中 5：['湖北省博物馆', '东湖听涛景区', '凌波门东湖观景点', '武汉大学', '落雁景区']
2026-10-05 01:52:19 [INFO] picker - [picker] 加载 core_spots：28 个
2026-10-05 01:52:19 [INFO] picker - [综合] 候选 8 → 选中 5：['昙华林历史文化街区', '昙华林·蓝蝴蝶教堂', '黄鹤楼', '晴川阁', '归元禅寺']
2026-10-05 01:52:19 [INFO] picker - [picker] 加载 core_spots：28 个
2026-10-05 01:52:19 [INFO] picker - [综合] 候选 7 → 选中 5：['江汉关大楼', '江汉关博物馆', '黎黄陂路街头博物馆', '汉口江滩-芦苇滩', '武汉博物馆']
2026-10-05 01:52:19 [INFO] picker - [picker] 加载 core_spots：28 个
2026-10-05 01:52:19 [INFO] picker - [综合] 候选 15 → 选中 5：['湖北省博物馆', '凌波门东湖观景点', '东湖生态旅游风景区', '磨山', '武汉东湖']
2026-10-05 01:52:19 [INFO] picker - [picker] 加载 core_spots：28 个
2026-10-05 01:52:19 [INFO] picker - [综合] 候选 8 → 选中 5：['昙华林历史文化街区', '昙华林·蓝蝴蝶教堂', '辛亥革命博物院', '晴川阁', '归元禅寺']
2026-10-05 01:52:19 [INFO] picker - [picker] 加载 core_spots：28 个
2026-10-05 01:52:19 [INFO] picker - [综合] 候选 7 → 选中 5：['江汉关博物馆', '黎黄陂路街头博物馆', '汉口江滩-芦苇滩', '古德寺(宗教活动场所)(暂停开放)', '武汉博物馆']
2026-10-05 01:52:19 [INFO] picker - [picker] 加载 core_spots：28 个
2026-10-05 01:52:19 [INFO] picker - [综合] 候选 15 → 选中 5：['湖北省博物馆', '凌波门东湖观景点', '武汉大学', '东湖生态旅游风景区', '吹笛景区']
2026-10-05 01:52:19 [INFO] picker - [picker] 加载 core_spots：28 个
2026-10-05 01:52:19 [INFO] picker - [综合] 候选 15 → 选中 5：['昙华林历史文化街区', '昙华林·蓝蝴蝶教堂', '黎黄陂路街头博物馆', '古德寺(宗教活动场所)(暂停开放)', '归元禅寺']
2026-10-05 01:52:19 [INFO] picker - [picker] 加载 core_spots：28 个
2026-10-05 01:52:19 [INFO] picker - [综合] 候选 6 → 选中 5：['洪山公园', '武汉大学', '凌波门东湖观景点', '卓刀泉寺', '光谷西班牙风情街']
2026-10-05 01:52:19 [INFO] picker - [picker] 加载 core_spots：28 个
2026-10-05 01:52:19 [INFO] picker - [综合] 候选 9 → 选中 5：['东湖听涛景区', '东湖绿道', '湖光序曲', '东湖生态旅游风景区', '磨山']
2026-10-05 01:52:19 [INFO] picker - [picker] 加载 core_spots：28 个
2026-10-05 01:52:19 [INFO] picker - [综合] 候选 15 → 选中 5：['昙华林·蓝蝴蝶教堂', '龙华寺', '晴川阁', '汉口栖隐寺', '古德寺(宗教活动场所)(暂停开放)']
2026-10-05 01:52:19 [INFO] picker - [picker] 加载 core_spots：28 个
2026-10-05 01:52:19 [INFO] picker - [综合] 候选 6 → 选中 5：['洪山公园', '武汉大学', '凌波门东湖观景点', '卓刀泉寺', '华中农业大学梧桐路步行街']
2026-10-05 01:52:19 [INFO] picker - [picker] 加载 core_spots：28 个
2026-10-05 01:52:19 [INFO] picker - [综合] 候选 9 → 选中 5：['东湖听涛景区', '湖光序曲', '武汉东湖', '落雁景区', '吹笛景区']
2026-10-05 01:52:19 [INFO] picker - [picker] 加载 core_spots：28 个
2026-10-05 01:52:19 [INFO] picker - [综合] 候选 8 → 选中 5：['昙华林·蓝蝴蝶教堂', '黄鹤楼', '辛亥革命博物院', '龙华寺', '晴川阁']
2026-10-05 01:52:19 [INFO] picker - [picker] 加载 core_spots：28 个
2026-10-05 01:52:19 [INFO] picker - [综合] 候选 7 → 选中 5：['江汉关博物馆', '黎黄陂路街头博物馆', '汉口江滩-芦苇滩', '古德寺(宗教活动场所)(暂停开放)', '武汉博物馆']
2026-10-05 01:52:19 [INFO] picker - [picker] 加载 core_spots：28 个
2026-10-05 01:52:19 [INFO] picker - [综合] 候选 15 → 选中 5：['凌波门东湖观景点', '东湖听涛景区', '东湖生态旅游风景区', '吹笛景区', '光谷西班牙风情街']
2026-10-05 01:52:19 [INFO] picker - [picker] 加载 core_spots：28 个
2026-10-05 01:52:19 [INFO] picker - [综合] 候选 10 → 选中 5：['晴川阁', '归元禅寺', '黎黄陂路街头博物馆', '古德寺(宗教活动场所)(暂停开放)', '武汉博物馆']
2026-10-05 01:52:19 [INFO] picker - [picker] 加载 core_spots：28 个
2026-10-05 01:52:19 [INFO] picker - [综合] 候选 10 → 选中 5：['昙华林历史文化街区', '昙华林·蓝蝴蝶教堂', '辛亥革命博物院', '光谷西班牙风情街', '磨山']
2026-10-05 01:52:19 [INFO] picker - [picker] 加载 core_spots：28 个
2026-10-05 01:52:19 [INFO] picker - [综合] 候选 10 → 选中 5：['凌波门东湖观景点', '卓刀泉寺', '华中农业大学梧桐路步行街', '东湖绿道', '武汉东湖']
