2026-10-02 01:15:31 [INFO] spatial - ============================================================
2026-10-02 01:15:31 [INFO] spatial - 空间排序：60 个候选，3 天
2026-10-02 01:15:31 [INFO] spatial - ============================================================
2026-10-02 01:15:31 [INFO] spatial - 截断：60 → 24（days=3 × 8）
2026-10-02 01:15:31 [INFO] spatial - 离群检测：阈值=16.5km（中位数 5.5 × 3）
2026-10-02 01:15:31 [INFO] spatial -   离群点 0 个，正常点 24 个
2026-10-02 01:15:31 [INFO] spatial - 分天：离群占 0 天，KMeans 分 3 天
2026-10-02 01:15:31 [INFO] spatial - KMeans 分 3 类，各类大小：[18, 5, 1]
2026-10-02 01:15:31 [INFO] spatial - 
2026-10-02 01:15:31 [INFO] spatial - 分天结果：
2026-10-02 01:15:31 [INFO] spatial -   Day1（1 个）：['灵泉寺']
2026-10-02 01:15:31 [INFO] spatial -   Day2（18 个）：['昙华林', '昙华林', '黄鹤楼', '黄鹤楼公园', '辛亥革命博物院', '辛亥革命博物院(南区)', '龙华寺', '长春观', '晴川阁', '汉正街品牌服饰批发广场', 'ZSTAR卡牌happy站台店', '一食万巷(特色小吃)', '武汉旅游观光巴士', '江汉关大楼', '武昌江滩H区', '武昌江滩', '武汉博物馆', '武汉园博园']
2026-10-02 01:15:31 [INFO] spatial -   Day3（5 个）：['湖北省博物馆', '东湖听涛景区', '武汉大学', '东湖磨山景区', '吹笛景区']
2026-10-02 01:56:44 [INFO] spatial - ============================================================
2026-10-02 01:56:44 [INFO] spatial - 空间排序：60 个候选，3 天
2026-10-02 01:56:44 [INFO] spatial - ============================================================
2026-10-02 01:56:44 [INFO] spatial - 严格去重：60 → 57
2026-10-02 01:56:44 [INFO] spatial - 离群检测：阈值=31.1km（中位数 10.4 × 3）
2026-10-02 01:56:44 [INFO] spatial -   离群点 0 个，正常点 57 个
2026-10-02 01:56:44 [INFO] spatial - 截断：57 → 24（days=3 × 8）
2026-10-02 01:56:44 [INFO] spatial - 分天：离群占 0 天，KMeans 分 3 天
2026-10-02 01:56:44 [INFO] spatial - KMeans 分 3 类，各类大小：[18, 5, 1]
2026-10-02 01:56:44 [INFO] spatial - 均衡：平均=8.0，上限=10，下限=4.0
2026-10-02 01:56:44 [INFO] spatial -   合并：类 2（1 个）→ 类 1
2026-10-02 01:56:44 [INFO] spatial -   移点：类 0 移出 8 个
2026-10-02 01:56:44 [INFO] spatial - 均衡后各类大小：[14, 10]
2026-10-02 01:56:44 [INFO] spatial - 
2026-10-02 01:56:44 [INFO] spatial - 分天结果：
2026-10-02 01:56:44 [INFO] spatial -   Day1（10 个）：['武昌江滩H区', '武汉旅游观光巴士', '江汉关大楼', 'ZSTAR卡牌happy站台店', '一食万巷(特色小吃)', '汉正街品牌服饰批发广场', '龟山风景区', '晴川阁', '黄鹤楼', '昙华林']
2026-10-02 01:56:44 [INFO] spatial -   Day2（14 个）：['龙华寺', '长春观', '黄鹤楼公园', '辛亥革命博物院', '辛亥革命博物院(南区)', '武汉大学', '湖北省博物馆', '东湖听涛景区', '东湖磨山景区', '吹笛景区', '灵泉寺', '武昌江滩', '武汉博物馆', '武汉园博园']
2026-10-02 02:13:16 [INFO] spatial - ============================================================
2026-10-02 02:13:16 [INFO] spatial - 空间排序：60 个候选，3 天
2026-10-02 02:13:16 [INFO] spatial - ============================================================
2026-10-02 02:13:16 [INFO] spatial - 严格去重：60 → 57
2026-10-02 02:13:16 [INFO] spatial - 离群检测：阈值=31.1km（中位数 10.4 × 3）
2026-10-02 02:13:16 [INFO] spatial -   离群点 0 个，正常点 57 个
2026-10-02 02:13:16 [INFO] spatial - 截断：57 → 24（days=3 × 8）
2026-10-02 02:13:16 [INFO] spatial - 分天：离群占 0 天，KMeans 分 3 天
2026-10-02 02:13:17 [INFO] spatial - KMeans 分 3 类，各类大小：[18, 5, 1]
2026-10-02 02:13:17 [INFO] spatial - 均衡：平均=8.0，上限=10，下限=4.0
2026-10-02 02:13:17 [INFO] spatial -   合并：类 2（1 个）→ 类 1
2026-10-02 02:13:17 [INFO] spatial -   移点：类 0 移出 8 个
2026-10-02 02:13:17 [INFO] spatial - 均衡后各类大小：[14, 10]
2026-10-02 02:13:17 [INFO] spatial - 
2026-10-02 02:13:17 [INFO] spatial - 分天结果：
2026-10-02 02:13:17 [INFO] spatial -   Day1（10 个）：['武昌江滩H区', '武汉旅游观光巴士', '江汉关大楼', 'ZSTAR卡牌happy站台店', '一食万巷(特色小吃)', '汉正街品牌服饰批发广场', '龟山风景区', '晴川阁', '黄鹤楼', '昙华林']
2026-10-02 02:13:17 [INFO] spatial -   Day2（14 个）：['龙华寺', '长春观', '黄鹤楼公园', '辛亥革命博物院', '辛亥革命博物院(南区)', '武汉大学', '湖北省博物馆', '东湖听涛景区', '东湖磨山景区', '吹笛景区', '灵泉寺', '武昌江滩', '武汉博物馆', '武汉园博园']
2026-10-02 02:14:21 [INFO] spatial - ============================================================
2026-10-02 02:14:21 [INFO] spatial - 空间排序：60 个候选，5 天
2026-10-02 02:14:21 [INFO] spatial - ============================================================
2026-10-02 02:14:21 [INFO] spatial - 严格去重：60 → 57
2026-10-02 02:14:21 [INFO] spatial - 离群检测：阈值=31.1km（中位数 10.4 × 3）
2026-10-02 02:14:21 [INFO] spatial -   离群点 0 个，正常点 57 个
2026-10-02 02:14:21 [INFO] spatial - 截断：57 → 40（days=5 × 8）
2026-10-02 02:14:21 [INFO] spatial - 分天：离群占 0 天，KMeans 分 5 天
2026-10-02 02:14:21 [INFO] spatial - KMeans 分 5 类，各类大小：[24, 9, 3, 2, 2]
2026-10-02 02:14:21 [INFO] spatial - 均衡：平均=8.0，上限=10，下限=4.0
2026-10-02 02:14:21 [INFO] spatial -   合并：类 0（2 个）→ 类 1
2026-10-02 02:14:21 [INFO] spatial -   合并：类 4（3 个）→ 类 3
2026-10-02 02:14:21 [INFO] spatial -   合并：类 2（2 个）→ 类 1
2026-10-02 02:14:21 [INFO] spatial -   移点：类 3 移出 2 个
2026-10-02 02:14:21 [INFO] spatial -   移点：类 1 移出 20 个
2026-10-02 02:14:21 [INFO] spatial - 均衡后各类大小：[30, 10]
2026-10-02 02:14:21 [INFO] spatial - 
2026-10-02 02:14:21 [INFO] spatial - 分天结果：
2026-10-02 02:14:21 [INFO] spatial -   Day1（10 个）：['楚河汉街', '昙华林', '江汉关大楼', '江汉关博物馆', '武汉旅游观光巴士', 'ZSTAR卡牌happy站台店', '一食万巷(特色小吃)', '吉庆民俗街', '武昌江滩H区', '武昌江滩']
2026-10-02 02:14:21 [INFO] spatial -   Day2（30 个）：['龙华寺', '长春观', '黄鹤楼公园', '辛亥革命博物院', '辛亥革命博物院(南区)', '黄鹤楼', '户部巷', '武汉观光游船(中华路1号码头)', '晴川阁', '龟山风景区', '铁佛寺', '圎通阁', '汉正街品牌服饰批发广场', '武汉博物馆', '武汉园博园', '宝通禅寺', '武汉大学', '湖北省博物馆南馆', '湖北省博物馆', '东湖听涛景区', '湖光序曲', '武汉东湖', '磨山', '东湖磨山景区', '吹笛景区', '武汉莲华寺', '地藏菩萨', '灵泉寺', '白龙寺', '木兰山风景区-金顶']
2026-10-02 02:15:12 [INFO] spatial - ============================================================
2026-10-02 02:15:12 [INFO] spatial - 空间排序：60 个候选，5 天
2026-10-02 02:15:12 [INFO] spatial - ============================================================
2026-10-02 02:15:12 [INFO] spatial - 严格去重：60 → 57
2026-10-02 02:15:12 [INFO] spatial - 离群检测：阈值=31.1km（中位数 10.4 × 3）
2026-10-02 02:15:12 [INFO] spatial -   离群点 0 个，正常点 57 个
2026-10-02 02:15:12 [INFO] spatial - 截断：57 → 40（days=5 × 8）
2026-10-02 02:15:12 [INFO] spatial - 分天：离群占 0 天，KMeans 分 5 天
2026-10-02 02:15:12 [INFO] spatial - KMeans 分 5 类，各类大小：[24, 9, 3, 2, 2]
2026-10-02 02:15:12 [INFO] spatial - 均衡：平均=8.0，上限=10，下限=4.0
2026-10-02 02:15:12 [INFO] spatial -   合并：类 0（2 个）→ 类 1
2026-10-02 02:15:12 [INFO] spatial -   合并：类 4（3 个）→ 类 3
2026-10-02 02:15:12 [INFO] spatial -   合并：类 2（2 个）→ 类 1
2026-10-02 02:15:12 [INFO] spatial -   移点：类 3 移出 2 个
2026-10-02 02:15:12 [INFO] spatial -   移点：类 1 移出 20 个
2026-10-02 02:15:12 [INFO] spatial - 均衡后各类大小：[30, 10]
2026-10-02 02:15:12 [INFO] spatial - 
2026-10-02 02:15:12 [INFO] spatial - 分天结果：
2026-10-02 02:15:12 [INFO] spatial -   Day1（10 个）：['楚河汉街', '昙华林', '江汉关大楼', '江汉关博物馆', '武汉旅游观光巴士', 'ZSTAR卡牌happy站台店', '一食万巷(特色小吃)', '吉庆民俗街', '武昌江滩H区', '武昌江滩']
2026-10-02 02:15:12 [INFO] spatial -   Day2（30 个）：['龙华寺', '长春观', '黄鹤楼公园', '辛亥革命博物院', '辛亥革命博物院(南区)', '黄鹤楼', '户部巷', '武汉观光游船(中华路1号码头)', '晴川阁', '龟山风景区', '铁佛寺', '圎通阁', '汉正街品牌服饰批发广场', '武汉博物馆', '武汉园博园', '宝通禅寺', '武汉大学', '湖北省博物馆南馆', '湖北省博物馆', '东湖听涛景区', '湖光序曲', '武汉东湖', '磨山', '东湖磨山景区', '吹笛景区', '武汉莲华寺', '地藏菩萨', '灵泉寺', '白龙寺', '木兰山风景区-金顶']
2026-10-02 02:15:32 [INFO] spatial - ============================================================
2026-10-02 02:15:32 [INFO] spatial - 空间排序：60 个候选，10 天
2026-10-02 02:15:32 [INFO] spatial - ============================================================
2026-10-02 02:15:32 [INFO] spatial - 严格去重：60 → 57
2026-10-02 02:15:32 [INFO] spatial - 离群检测：阈值=31.1km（中位数 10.4 × 3）
2026-10-02 02:15:32 [INFO] spatial -   离群点 0 个，正常点 57 个
2026-10-02 02:15:32 [INFO] spatial - 截断：57 → 57（days=10 × 8）
2026-10-02 02:15:32 [INFO] spatial - 分天：离群占 0 天，KMeans 分 10 天
2026-10-02 02:15:32 [INFO] spatial - KMeans 分 10 类，各类大小：[19, 14, 11, 4, 3, 2, 1, 1, 1, 1]
2026-10-02 02:15:32 [INFO] spatial - 均衡：平均=5.7，上限=8，下限=3.0
2026-10-02 02:15:32 [INFO] spatial -   合并：类 8（2 个）→ 类 1
2026-10-02 02:15:32 [INFO] spatial -   合并：类 4（1 个）→ 类 9
2026-10-02 02:15:32 [INFO] spatial -   合并：类 9（2 个）→ 类 1
2026-10-02 02:15:32 [INFO] spatial -   合并：类 7（1 个）→ 类 1
2026-10-02 02:15:32 [INFO] spatial -   合并：类 5（1 个）→ 类 3
2026-10-02 02:15:32 [INFO] spatial -   移点：类 2 移出 3 个
2026-10-02 02:15:32 [INFO] spatial -   移点：类 6 移出 9 个
2026-10-02 02:15:32 [INFO] spatial -   移点：类 0 移出 17 个
2026-10-02 02:15:32 [INFO] spatial -   移点：类 1 移出 1 个
2026-10-02 02:15:32 [INFO] spatial - 均衡后各类大小：[25, 12, 8, 8, 4]
2026-10-02 02:15:32 [INFO] spatial - 
2026-10-02 02:15:32 [INFO] spatial - 分天结果：
2026-10-02 02:15:32 [INFO] spatial -   Day1（8 个）：['武汉旅游观光巴士', '江汉关大楼', '江汉关博物馆', 'ZSTAR卡牌happy站台店', '一食万巷(特色小吃)', '汉口栖隐寺', '汉正街品牌服饰批发广场', '晴川阁']
2026-10-02 02:15:32 [INFO] spatial -   Day2（8 个）：['武汉石观音寺', '白龙寺', '木兰湖-夏家寺', '木兰山风景区-金顶', '上古寺', '木兰山国家地质公园-第一庙', '黄陂木兰文化生态旅游区', '木兰天池']
2026-10-02 02:15:32 [INFO] spatial -   Day3（12 个）：['湖北省博物馆', '湖北省博物馆南馆', '东湖听涛景区', '东湖绿道', '湖光序曲', '武汉东湖沙滩', '武汉东湖', '磨山', '东湖磨山景区', '吹笛景区', '武汉大学', '报祖寺']
2026-10-02 02:15:32 [INFO] spatial -   Day4（4 个）：['武汉莲华寺', '地藏菩萨', '灵泉寺', '龙华禅寺']
2026-10-02 02:15:32 [INFO] spatial -   Day5（25 个）：['昙华林', '黄鹤楼', '户部巷', '武汉观光游船(中华路1号码头)', '黄鹤楼公园', '辛亥革命博物院', '辛亥革命博物院(南区)', '龙华寺', '长春观', '宝通禅寺', '洪山公园', '楚河汉街', '武昌江滩H区', '武昌江滩', '黎黄陂路街头博物馆', '吉庆民俗街', '吉庆街牌坊', '中山公园', '武汉博物馆', '武汉园博园', '铁佛寺', '归元禅寺', '圎通阁', '武汉动物园', '龟山风景区']
2026-10-02 02:17:35 [INFO] spatial - ============================================================
2026-10-02 02:17:35 [INFO] spatial - 空间排序：60 个候选，10 天
2026-10-02 02:17:35 [INFO] spatial - ============================================================
2026-10-02 02:17:35 [INFO] spatial - 严格去重：60 → 57
2026-10-02 02:17:35 [INFO] spatial - 离群检测：阈值=31.1km（中位数 10.4 × 3）
2026-10-02 02:17:35 [INFO] spatial -   离群点 0 个，正常点 57 个
2026-10-02 02:17:35 [INFO] spatial - 截断：57 → 57（days=10 × 8）
2026-10-02 02:17:35 [INFO] spatial - 分天：离群占 0 天，KMeans 分 10 天
2026-10-02 02:17:35 [INFO] spatial - KMeans 分 10 类，各类大小：[19, 14, 11, 4, 3, 2, 1, 1, 1, 1]
2026-10-02 02:17:35 [INFO] spatial - 均衡：平均=5.7，上限=8，下限=3.0
2026-10-02 02:17:35 [INFO] spatial -   合并：类 8（2 个）→ 类 1
2026-10-02 02:17:35 [INFO] spatial -   合并：类 4（1 个）→ 类 9
2026-10-02 02:17:35 [INFO] spatial -   合并：类 9（2 个）→ 类 1
2026-10-02 02:17:35 [INFO] spatial -   合并：类 7（1 个）→ 类 1
2026-10-02 02:17:35 [INFO] spatial -   合并：类 5（1 个）→ 类 3
2026-10-02 02:17:35 [INFO] spatial -   移点：类 2 移出 3 个
2026-10-02 02:17:35 [INFO] spatial -   移点：类 6 移出 9 个
2026-10-02 02:17:35 [INFO] spatial -   移点：类 0 移出 17 个
2026-10-02 02:17:35 [INFO] spatial -   移点：类 1 移出 1 个
2026-10-02 02:17:35 [INFO] spatial - 均衡后各类大小：[25, 12, 8, 8, 4]
2026-10-02 02:17:35 [INFO] spatial - 
2026-10-02 02:17:35 [INFO] spatial - 分天结果：
2026-10-02 02:17:35 [INFO] spatial -   Day1（8 个）：['武汉旅游观光巴士', '江汉关大楼', '江汉关博物馆', 'ZSTAR卡牌happy站台店', '一食万巷(特色小吃)', '汉口栖隐寺', '汉正街品牌服饰批发广场', '晴川阁']
2026-10-02 02:17:35 [INFO] spatial -   Day2（8 个）：['武汉石观音寺', '白龙寺', '木兰湖-夏家寺', '木兰山风景区-金顶', '上古寺', '木兰山国家地质公园-第一庙', '黄陂木兰文化生态旅游区', '木兰天池']
2026-10-02 02:17:35 [INFO] spatial -   Day3（12 个）：['湖北省博物馆', '湖北省博物馆南馆', '东湖听涛景区', '东湖绿道', '湖光序曲', '武汉东湖沙滩', '武汉东湖', '磨山', '东湖磨山景区', '吹笛景区', '武汉大学', '报祖寺']
2026-10-02 02:17:35 [INFO] spatial -   Day4（4 个）：['武汉莲华寺', '地藏菩萨', '灵泉寺', '龙华禅寺']
2026-10-02 02:17:35 [INFO] spatial -   Day5（25 个）：['昙华林', '黄鹤楼', '户部巷', '武汉观光游船(中华路1号码头)', '黄鹤楼公园', '辛亥革命博物院', '辛亥革命博物院(南区)', '龙华寺', '长春观', '宝通禅寺', '洪山公园', '楚河汉街', '武昌江滩H区', '武昌江滩', '黎黄陂路街头博物馆', '吉庆民俗街', '吉庆街牌坊', '中山公园', '武汉博物馆', '武汉园博园', '铁佛寺', '归元禅寺', '圎通阁', '武汉动物园', '龟山风景区']
2026-10-02 02:18:28 [INFO] spatial - ============================================================
2026-10-02 02:18:28 [INFO] spatial - 空间排序：60 个候选，5 天
2026-10-02 02:18:28 [INFO] spatial - ============================================================
2026-10-02 02:18:28 [INFO] spatial - 严格去重：60 → 57
2026-10-02 02:18:28 [INFO] spatial - 离群检测：阈值=31.1km（中位数 10.4 × 3）
2026-10-02 02:18:28 [INFO] spatial -   离群点 0 个，正常点 57 个
2026-10-02 02:18:28 [INFO] spatial - 截断：57 → 40（days=5 × 8）
2026-10-02 02:18:28 [INFO] spatial - 分天：离群占 0 天，KMeans 分 5 天
2026-10-02 02:18:28 [INFO] spatial - KMeans 分 5 类，各类大小：[24, 9, 3, 2, 2]
2026-10-02 02:18:28 [INFO] spatial - 均衡：平均=8.0，上限=10，下限=4.0
2026-10-02 02:18:28 [INFO] spatial -   合并：类 0（2 个）→ 类 1
2026-10-02 02:18:28 [INFO] spatial -   合并：类 4（3 个）→ 类 3
2026-10-02 02:18:28 [INFO] spatial -   合并：类 2（2 个）→ 类 1
2026-10-02 02:18:28 [INFO] spatial -   移点：类 3 移出 2 个
2026-10-02 02:18:28 [INFO] spatial -   移点：类 1 移出 20 个
2026-10-02 02:18:28 [INFO] spatial - 均衡后各类大小：[30, 10]
2026-10-02 02:18:28 [INFO] spatial - 
2026-10-02 02:18:28 [INFO] spatial - 分天结果：
2026-10-02 02:18:28 [INFO] spatial -   Day1（10 个）：['楚河汉街', '昙华林', '江汉关大楼', '江汉关博物馆', '武汉旅游观光巴士', 'ZSTAR卡牌happy站台店', '一食万巷(特色小吃)', '吉庆民俗街', '武昌江滩H区', '武昌江滩']
2026-10-02 02:18:28 [INFO] spatial -   Day2（30 个）：['龙华寺', '长春观', '黄鹤楼公园', '辛亥革命博物院', '辛亥革命博物院(南区)', '黄鹤楼', '户部巷', '武汉观光游船(中华路1号码头)', '晴川阁', '龟山风景区', '铁佛寺', '圎通阁', '汉正街品牌服饰批发广场', '武汉博物馆', '武汉园博园', '宝通禅寺', '武汉大学', '湖北省博物馆南馆', '湖北省博物馆', '东湖听涛景区', '湖光序曲', '武汉东湖', '磨山', '东湖磨山景区', '吹笛景区', '武汉莲华寺', '地藏菩萨', '灵泉寺', '白龙寺', '木兰山风景区-金顶']
2026-10-02 16:07:49 [INFO] spatial - ============================================================
2026-10-02 16:07:49 [INFO] spatial - 空间排序：60 个候选，3 天
2026-10-02 16:07:49 [INFO] spatial - ============================================================
2026-10-02 16:07:49 [INFO] spatial - 严格去重：60 → 57
2026-10-02 16:07:49 [INFO] spatial - 离群检测：阈值=31.1km（中位数 10.4 × 3）
2026-10-02 16:07:49 [INFO] spatial -   离群点 0 个，正常点 57 个
2026-10-02 16:07:49 [INFO] spatial - 截断：57 → 24（days=3 × 8）
2026-10-02 16:07:49 [INFO] spatial - 分天：离群占 0 天，KMeans 分 3 天
2026-10-02 16:07:49 [INFO] spatial - KMeans 分 3 类，各类大小：[18, 5, 1]
2026-10-02 16:07:49 [INFO] spatial - 均衡：平均=8.0，上限=10，下限=4.0
2026-10-02 16:07:49 [INFO] spatial -   合并：类 2（1 个）→ 类 1
2026-10-02 16:07:49 [INFO] spatial -   移点：类 0 移出 8 个
2026-10-02 16:07:49 [INFO] spatial - 均衡后各类大小：[14, 10]
2026-10-02 16:07:49 [INFO] spatial - 
2026-10-02 16:07:49 [INFO] spatial - 分天结果：
2026-10-02 16:07:49 [INFO] spatial -   Day1（10 个）：['武昌江滩H区', '武汉旅游观光巴士', '江汉关大楼', 'ZSTAR卡牌happy站台店', '一食万巷(特色小吃)', '汉正街品牌服饰批发广场', '龟山风景区', '晴川阁', '黄鹤楼', '昙华林']
2026-10-02 16:07:49 [INFO] spatial -   Day2（14 个）：['龙华寺', '长春观', '黄鹤楼公园', '辛亥革命博物院', '辛亥革命博物院(南区)', '武汉大学', '湖北省博物馆', '东湖听涛景区', '东湖磨山景区', '吹笛景区', '灵泉寺', '武昌江滩', '武汉博物馆', '武汉园博园']
2026-10-02 16:08:46 [INFO] spatial - ============================================================
2026-10-02 16:08:46 [INFO] spatial - 空间排序：60 个候选，3 天
2026-10-02 16:08:46 [INFO] spatial - ============================================================
2026-10-02 16:08:46 [INFO] spatial - 严格去重：60 → 57
2026-10-02 16:08:46 [INFO] spatial - 离群检测：阈值=31.1km（中位数 10.4 × 3）
2026-10-02 16:08:46 [INFO] spatial -   离群点 0 个，正常点 57 个
2026-10-02 16:08:46 [INFO] spatial - 截断：57 → 24（days=3 × 8）
2026-10-02 16:08:46 [INFO] spatial - 分天：离群占 0 天，KMeans 分 3 天
2026-10-02 16:08:46 [INFO] spatial - KMeans 分 3 类，各类大小：[18, 5, 1]
2026-10-02 16:08:46 [INFO] spatial - 均衡：平均=8.0，上限=10，下限=4.0
2026-10-02 16:08:46 [INFO] spatial -   合并：类 2（1 个）→ 类 1
2026-10-02 16:08:46 [INFO] spatial -   移点：类 0 移出 8 个
2026-10-02 16:08:46 [INFO] spatial - 均衡后各类大小：[14, 10]
2026-10-02 16:08:46 [INFO] spatial - 
2026-10-02 16:08:46 [INFO] spatial - 分天结果：
2026-10-02 16:08:46 [INFO] spatial -   Day1（10 个）：['武昌江滩H区', '武汉旅游观光巴士', '江汉关大楼', 'ZSTAR卡牌happy站台店', '一食万巷(特色小吃)', '汉正街品牌服饰批发广场', '龟山风景区', '晴川阁', '黄鹤楼', '昙华林']
2026-10-02 16:08:46 [INFO] spatial -   Day2（14 个）：['龙华寺', '长春观', '黄鹤楼公园', '辛亥革命博物院', '辛亥革命博物院(南区)', '武汉大学', '湖北省博物馆', '东湖听涛景区', '东湖磨山景区', '吹笛景区', '灵泉寺', '武昌江滩', '武汉博物馆', '武汉园博园']
2026-10-02 23:40:41 [INFO] spatial - ============================================================
2026-10-02 23:40:41 [INFO] spatial - 空间排序：40 个候选，3 天，住宿=武昌区
2026-10-02 23:40:41 [INFO] spatial - ============================================================
2026-10-02 23:40:41 [INFO] spatial - 严格去重：40 → 37
2026-10-02 23:40:41 [INFO] spatial - 板块划分：
2026-10-02 23:40:41 [INFO] spatial -   板块 [汉口]：9 个点
2026-10-02 23:40:41 [INFO] spatial -   板块 [武昌]：18 个点
2026-10-02 23:40:41 [INFO] spatial -   板块 [汉阳]：3 个点
2026-10-02 23:40:41 [INFO] spatial -   板块 [远郊]：7 个点
2026-10-02 23:40:41 [INFO] spatial - 板块 → 天数分配：
2026-10-02 23:40:41 [INFO] spatial -   住宿区 [武昌区] → 板块 [武昌]，分配 1 天
2026-10-02 23:40:41 [INFO] spatial -   板块 → 天数分配：{'武昌': 2, '汉口': 1}
2026-10-02 23:40:41 [INFO] spatial - 
2026-10-02 23:40:41 [INFO] spatial - 分天结果：
2026-10-02 23:40:41 [INFO] spatial -   Day1（5 个）：['武汉大学', '湖北省博物馆', '东湖绿道', '湖光序曲', '楚河汉街']
2026-10-02 23:40:41 [INFO] spatial -   Day2（5 个）：['长春观', '黄鹤楼公园', '黄鹤楼', '武汉观光游船(中华路1号码头)', '昙华林']
2026-10-02 23:40:41 [INFO] spatial -   Day3（5 个）：['汉口江滩', '江汉关大楼', '江汉关博物馆', '武汉博物馆', '武汉园博园']
2026-10-02 23:40:41 [INFO] spatial - 
未选中的点（22 个，作为备选）
2026-10-02 23:41:55 [INFO] spatial - ============================================================
2026-10-02 23:41:55 [INFO] spatial - 空间排序：40 个候选，3 天，住宿=武昌区
2026-10-02 23:41:55 [INFO] spatial - ============================================================
2026-10-02 23:41:55 [INFO] spatial - 严格去重：40 → 37
2026-10-02 23:41:55 [INFO] spatial - 板块划分：
2026-10-02 23:41:55 [INFO] spatial -   板块 [汉口]：9 个点
2026-10-02 23:41:55 [INFO] spatial -   板块 [武昌]：18 个点
2026-10-02 23:41:55 [INFO] spatial -   板块 [汉阳]：3 个点
2026-10-02 23:41:55 [INFO] spatial -   板块 [远郊]：7 个点
2026-10-02 23:41:55 [INFO] spatial - 板块 → 天数分配：
2026-10-02 23:41:55 [INFO] spatial -   住宿区 [武昌区] → 板块 [武昌]，分配 1 天
2026-10-02 23:41:55 [INFO] spatial -   板块 → 天数分配：{'武昌': 2, '汉口': 1}
2026-10-02 23:41:55 [INFO] spatial - 
2026-10-02 23:41:55 [INFO] spatial - 分天结果：
2026-10-02 23:41:55 [INFO] spatial -   Day1（5 个）：['武汉大学', '湖北省博物馆', '东湖绿道', '湖光序曲', '楚河汉街']
2026-10-02 23:41:55 [INFO] spatial -   Day2（5 个）：['长春观', '黄鹤楼公园', '黄鹤楼', '武汉观光游船(中华路1号码头)', '昙华林']
2026-10-02 23:41:55 [INFO] spatial -   Day3（5 个）：['汉口江滩', '江汉关大楼', '江汉关博物馆', '武汉博物馆', '武汉园博园']
2026-10-02 23:41:55 [INFO] spatial - 
未选中的点（22 个，作为备选）
2026-10-02 23:46:41 [INFO] spatial - ============================================================
2026-10-02 23:46:41 [INFO] spatial - 空间排序：40 个候选，3 天，住宿=武昌区
2026-10-02 23:46:41 [INFO] spatial - ============================================================
2026-10-02 23:46:41 [INFO] spatial - 严格去重：40 → 37
2026-10-02 23:46:41 [INFO] spatial - 板块划分：
2026-10-02 23:46:41 [INFO] spatial -   板块 [汉口]：9 个点
2026-10-02 23:46:41 [INFO] spatial -   板块 [武昌]：18 个点
2026-10-02 23:46:41 [INFO] spatial -   板块 [汉阳]：3 个点
2026-10-02 23:46:41 [INFO] spatial -   板块 [远郊]：7 个点
2026-10-02 23:46:41 [INFO] spatial - 板块 → 天数分配：
2026-10-02 23:46:41 [INFO] spatial -   住宿区 [武昌区] → 板块 [武昌]，分配 1 天
2026-10-02 23:46:41 [INFO] spatial -   板块 → 天数分配：{'武昌': 2, '汉口': 1}
2026-10-02 23:46:41 [INFO] spatial - 
2026-10-02 23:46:41 [INFO] spatial - 分天结果：
2026-10-02 23:46:41 [INFO] spatial -   Day1（5 个）：['楚河汉街', '湖北省博物馆', '东湖绿道', '湖光序曲', '武汉大学']
2026-10-02 23:46:41 [INFO] spatial -   Day2（5 个）：['长春观', '黄鹤楼公园', '黄鹤楼', '武汉观光游船(中华路1号码头)', '昙华林']
2026-10-02 23:46:41 [INFO] spatial -   Day3（2 个）：['武汉博物馆', '武汉园博园']
2026-10-02 23:46:41 [INFO] spatial - 
未选中的点（25 个，作为备选）
2026-10-02 23:47:34 [INFO] spatial - ============================================================
2026-10-02 23:47:34 [INFO] spatial - 空间排序：40 个候选，3 天，住宿=武昌区
2026-10-02 23:47:34 [INFO] spatial - ============================================================
2026-10-02 23:47:34 [INFO] spatial - 严格去重：40 → 37
2026-10-02 23:47:34 [INFO] spatial - 板块划分：
2026-10-02 23:47:34 [INFO] spatial -   板块 [汉口]：9 个点
2026-10-02 23:47:34 [INFO] spatial -   板块 [武昌]：18 个点
2026-10-02 23:47:34 [INFO] spatial -   板块 [汉阳]：3 个点
2026-10-02 23:47:34 [INFO] spatial -   板块 [远郊]：7 个点
2026-10-02 23:47:34 [INFO] spatial - 板块 → 天数分配：
2026-10-02 23:47:34 [INFO] spatial -   住宿区 [武昌区] → 板块 [武昌]，分配 1 天
2026-10-02 23:47:34 [INFO] spatial -   板块 → 天数分配：{'武昌': 2, '汉口': 1}
2026-10-02 23:47:34 [INFO] spatial - 
2026-10-02 23:47:34 [INFO] spatial - 分天结果：
2026-10-02 23:47:34 [INFO] spatial -   Day1（5 个）：['楚河汉街', '湖北省博物馆', '东湖绿道', '湖光序曲', '武汉大学']
2026-10-02 23:47:34 [INFO] spatial -   Day2（5 个）：['长春观', '黄鹤楼公园', '黄鹤楼', '武汉观光游船(中华路1号码头)', '昙华林']
2026-10-02 23:47:34 [INFO] spatial -   Day3（2 个）：['武汉博物馆', '武汉园博园']
2026-10-02 23:47:34 [INFO] spatial - 
未选中的点（25 个，作为备选）
2026-10-02 23:48:06 [INFO] spatial - ============================================================
2026-10-02 23:48:06 [INFO] spatial - 空间排序：40 个候选，3 天，住宿=武昌区
2026-10-02 23:48:06 [INFO] spatial - ============================================================
2026-10-02 23:48:06 [INFO] spatial - 严格去重：40 → 37
2026-10-02 23:48:06 [INFO] spatial - 板块划分：
2026-10-02 23:48:06 [INFO] spatial -   板块 [汉口]：9 个点
2026-10-02 23:48:06 [INFO] spatial -   板块 [武昌]：18 个点
2026-10-02 23:48:06 [INFO] spatial -   板块 [汉阳]：3 个点
2026-10-02 23:48:06 [INFO] spatial -   板块 [远郊]：7 个点
2026-10-02 23:48:06 [INFO] spatial - 板块 → 天数分配：
2026-10-02 23:48:06 [INFO] spatial -   住宿区 [武昌区] → 板块 [武昌]，分配 1 天
2026-10-02 23:48:06 [INFO] spatial -   板块 → 天数分配：{'武昌': 2, '汉口': 1}
2026-10-02 23:48:06 [INFO] spatial - 
2026-10-02 23:48:06 [INFO] spatial - 分天结果：
2026-10-02 23:48:06 [INFO] spatial -   Day1（5 个）：['楚河汉街', '湖北省博物馆', '东湖绿道', '湖光序曲', '武汉大学']
2026-10-02 23:48:06 [INFO] spatial -   Day2（5 个）：['长春观', '黄鹤楼公园', '黄鹤楼', '武汉观光游船(中华路1号码头)', '昙华林']
2026-10-02 23:48:06 [INFO] spatial -   Day3（2 个）：['武汉博物馆', '武汉园博园']
2026-10-02 23:48:06 [INFO] spatial - 
未选中的点（25 个，作为备选）
2026-10-02 23:52:36 [INFO] spatial - ============================================================
2026-10-02 23:52:36 [INFO] spatial - 空间排序：40 个候选，3 天，住宿=武昌区
2026-10-02 23:52:36 [INFO] spatial - ============================================================
2026-10-02 23:52:36 [INFO] spatial - 严格去重：40 → 37
2026-10-02 23:52:36 [INFO] spatial - 板块划分：
2026-10-02 23:52:36 [INFO] spatial -   板块 [汉口]：9 个点
2026-10-02 23:52:36 [INFO] spatial -   板块 [武昌]：18 个点
2026-10-02 23:52:36 [INFO] spatial -   板块 [汉阳]：3 个点
2026-10-02 23:52:36 [INFO] spatial -   板块 [远郊]：7 个点
2026-10-02 23:52:36 [INFO] spatial - 板块 → 天数分配：
2026-10-02 23:52:36 [INFO] spatial -   住宿区 [武昌区] → 板块 [武昌]，分配 1 天
2026-10-02 23:52:36 [INFO] spatial -   板块 → 天数分配：{'武昌': 2, '汉口': 1}
2026-10-02 23:52:36 [INFO] spatial - 
2026-10-02 23:52:36 [INFO] spatial - 分天结果：
2026-10-02 23:52:36 [INFO] spatial -   Day1（5 个）：['楚河汉街', '湖北省博物馆', '东湖绿道', '湖光序曲', '武汉大学']
2026-10-02 23:52:36 [INFO] spatial -   Day2（5 个）：['长春观', '黄鹤楼公园', '黄鹤楼', '武汉观光游船(中华路1号码头)', '昙华林']
2026-10-02 23:52:36 [INFO] spatial -   Day3（3 个）：['江汉关博物馆', '江汉关大楼', '汉口江滩']
2026-10-02 23:52:36 [INFO] spatial - 
未选中的点（24 个，作为备选）
2026-10-02 23:55:56 [INFO] spatial - ============================================================
2026-10-02 23:55:56 [INFO] spatial - 空间排序：40 个候选，3 天，住宿=武昌区
2026-10-02 23:55:56 [INFO] spatial - ============================================================
2026-10-02 23:55:56 [INFO] spatial - 严格去重：40 → 37
2026-10-02 23:55:56 [INFO] spatial - 板块划分：
2026-10-02 23:55:56 [INFO] spatial -   板块 [汉口]：9 个点
2026-10-02 23:55:56 [INFO] spatial -   板块 [武昌]：18 个点
2026-10-02 23:55:56 [INFO] spatial -   板块 [汉阳]：3 个点
2026-10-02 23:55:56 [INFO] spatial -   板块 [远郊]：7 个点
2026-10-02 23:55:56 [INFO] spatial - 板块 → 天数分配：
2026-10-02 23:55:56 [INFO] spatial -   住宿区 [武昌区] → 板块 [武昌]，分配 1 天
2026-10-02 23:55:56 [INFO] spatial -   板块 → 天数分配：{'武昌': 2, '汉口': 1}
2026-10-02 23:55:56 [INFO] spatial - 
2026-10-02 23:55:56 [INFO] spatial - 分天结果：
2026-10-02 23:55:56 [INFO] spatial -   Day1（5 个）：['湖光序曲', '东湖绿道', '湖北省博物馆', '楚河汉街', '长春观']
2026-10-02 23:55:56 [INFO] spatial -   Day2（4 个）：['黄鹤楼公园', '黄鹤楼', '武汉观光游船(中华路1号码头)', '昙华林']
2026-10-02 23:55:56 [INFO] spatial -   Day3（2 个）：['武汉博物馆', '武汉园博园']
2026-10-02 23:55:56 [INFO] spatial - 
未选中的点（26 个，作为备选）
2026-10-03 00:14:21 [INFO] spatial - ============================================================
2026-10-03 00:14:21 [INFO] spatial - 空间排序：40 个候选，3 天，住宿=武昌区
2026-10-03 00:14:21 [INFO] spatial - ============================================================
2026-10-03 00:14:21 [INFO] spatial - 严格去重：40 → 37
2026-10-03 00:14:21 [WARNING] spatial - 住宿区 [武昌区] 坐标还是 0.0，检查 cities.yaml 是否回填了真实坐标
2026-10-03 00:14:21 [INFO] spatial - 住宿区 [武昌区] 坐标：(0.0000, 0.0000)
2026-10-03 00:14:21 [INFO] spatial - 
2026-10-03 00:14:21 [INFO] spatial - 分天结果：
2026-10-03 00:14:21 [INFO] spatial -   Day1（5 个）：['武汉园博园', '武汉博物馆', '中山公园', '武汉旅游观光巴士', '江汉关大楼']
2026-10-03 00:14:21 [INFO] spatial -   Day2（5 个）：['江汉关博物馆', '长江荣耀号游船', '武汉君旅号长江游览(夜游长江)', '晴川阁', '武汉观光游船(中华路1号码头)']
2026-10-03 00:14:21 [INFO] spatial -   Day3（5 个）：['黄鹤楼', '黄鹤楼公园', '辛亥革命博物院', '龙华寺', '长春观']
2026-10-03 00:14:21 [INFO] spatial - 
未选中的点（22 个，作为备选）
2026-10-04 00:38:32 [INFO] spatial - ============================================================
2026-10-04 00:38:32 [INFO] spatial - 空间排序：60 个候选，3 天，住宿=武昌区
2026-10-04 00:38:32 [INFO] spatial - ============================================================
2026-10-04 00:38:32 [INFO] spatial - 严格去重：60 → 59
2026-10-04 00:38:32 [INFO] spatial - 切小簇：59 点 → 32 簇
2026-10-04 00:38:32 [WARNING] spatial - 住宿区 [武昌区] 坐标还是 0.0，检查 cities.yaml 是否回填了真实坐标
2026-10-04 00:38:32 [INFO] spatial - 住宿区 [武昌区] 坐标：(0.0000, 0.0000)
2026-10-04 00:38:32 [INFO] spatial - 单点吸收：无多簇可吸，跳过
2026-10-04 00:38:32 [INFO] spatial - 远点判定：32 个远簇搁置（离住宿区 > 25.0km）
2026-10-04 00:38:32 [INFO] spatial - 远簇成片：32 个远簇塞进 Day1
2026-10-04 00:38:32 [INFO] spatial - 
2026-10-04 00:38:32 [INFO] spatial - 分天结果：
2026-10-04 00:38:32 [INFO] spatial -   Day1（59 个）：['灵泉寺', '地藏菩萨', '武汉莲华寺', '上古寺', '木兰山风景区-金顶', '木兰山国家地质公园-第一庙', '黄陂木兰文化生态旅游区', '木兰湖-夏家寺', '木兰胜天旅游景区', '晴川阁', '铁佛寺', '归元禅寺', '晴川阁-禹稷行宫', '龟山风景区', '黄鹤楼', '黄鹤楼公园', '昙华林', '辛亥革命博物院', '龙华寺', '长春观', '宝通禅寺', '黎黄陂路旅游休闲街区', '武汉旅游观光巴士', '江汉关大楼', '吉庆街牌坊', '江汉关博物馆', '汉口栖隐寺', '汉口江滩', '武汉大学', '武汉大学信息学部', '卓刀泉寺', '凌波门东湖观景点', '湖光序曲', '湖北省博物馆', '落雁景区', '东湖生态旅游风景区', '东湖磨山景区', '磨山', '斗战胜佛', '吹笛景区', '白龙寺', '武汉木兰草原', '武汉石观音寺', '龟山', '报祖寺', '古河禅寺', '莲花寺', '弥陀寺', '龙华禅寺', '八分山', '江夏菩提寺', '武汉博物馆', '武汉园博园', '杨正古铁佛寺', '药王寺', '净麓寺', '木兰天池', '木兰云雾山景区', '仰山禅寺']
2026-10-04 00:38:32 [INFO] spatial - ============================================================
2026-10-04 00:40:49 [INFO] spatial - ============================================================
2026-10-04 00:40:49 [INFO] spatial - 空间排序：60 个候选，3 天，住宿=武昌区
2026-10-04 00:40:49 [INFO] spatial - ============================================================
2026-10-04 00:40:49 [INFO] spatial - 严格去重：60 → 59
2026-10-04 00:40:49 [INFO] spatial - 切小簇：59 点 → 32 簇
2026-10-04 00:40:49 [INFO] spatial - 住宿区 [武昌区] 坐标：(30.5460, 114.3160)
2026-10-04 00:40:49 [INFO] spatial - 单点吸收：8 个单点簇 → 吸进 9 个多簇
2026-10-04 00:40:49 [INFO] spatial - 远点判定：15 个远簇搁置（离住宿区 > 25.0km）
2026-10-04 00:40:49 [INFO] spatial - 
2026-10-04 00:40:49 [INFO] spatial - 分天结果：
2026-10-04 00:40:49 [INFO] spatial -   Day1（22 个）：['晴川阁', '铁佛寺', '归元禅寺', '晴川阁-禹稷行宫', '龟山风景区', '黄鹤楼', '黄鹤楼公园', '昙华林', '辛亥革命博物院', '龙华寺', '长春观', '宝通禅寺', '黎黄陂路旅游休闲街区', '武汉旅游观光巴士', '江汉关大楼', '吉庆街牌坊', '江汉关博物馆', '汉口栖隐寺', '汉口江滩', '武汉博物馆', '武汉园博园', '杨正古铁佛寺']
2026-10-04 00:40:49 [INFO] spatial -   Day2（8 个）：['湖光序曲', '湖北省博物馆', '落雁景区', '东湖生态旅游风景区', '东湖磨山景区', '磨山', '斗战胜佛', '吹笛景区']
2026-10-04 00:40:49 [INFO] spatial -   Day3（9 个）：['地藏菩萨', '武汉莲华寺', '灵泉寺', '八分山', '江夏菩提寺', '武汉大学', '武汉大学信息学部', '卓刀泉寺', '凌波门东湖观景点']
2026-10-04 00:40:49 [INFO] spatial - 
未选中的点（20 个）
2026-10-04 00:40:49 [INFO] spatial - ============================================================
2026-10-04 00:42:03 [INFO] spatial - ============================================================
2026-10-04 00:42:03 [INFO] spatial - 空间排序：60 个候选，3 天，住宿=武昌区
2026-10-04 00:42:03 [INFO] spatial - ============================================================
2026-10-04 00:42:03 [INFO] spatial - 严格去重：60 → 59
2026-10-04 00:42:03 [INFO] spatial - 切小簇：59 点 → 32 簇
2026-10-04 00:42:03 [INFO] spatial - 住宿区 [武昌区] 坐标：(30.5460, 114.3160)
2026-10-04 00:42:03 [INFO] spatial - 单点吸收：8 个单点簇 → 吸进 9 个多簇
2026-10-04 00:42:03 [INFO] spatial - 远点判定：15 个远簇搁置（离住宿区 > 25.0km）
2026-10-04 00:42:03 [INFO] spatial - 
2026-10-04 00:42:03 [INFO] spatial - 分天结果：
2026-10-04 00:42:03 [INFO] spatial -   Day1（22 个）：['晴川阁', '铁佛寺', '归元禅寺', '晴川阁-禹稷行宫', '龟山风景区', '黄鹤楼', '黄鹤楼公园', '昙华林', '辛亥革命博物院', '龙华寺', '长春观', '宝通禅寺', '黎黄陂路旅游休闲街区', '武汉旅游观光巴士', '江汉关大楼', '吉庆街牌坊', '江汉关博物馆', '汉口栖隐寺', '汉口江滩', '武汉博物馆', '武汉园博园', '杨正古铁佛寺']
2026-10-04 00:42:03 [INFO] spatial -   Day2（8 个）：['湖光序曲', '湖北省博物馆', '落雁景区', '东湖生态旅游风景区', '东湖磨山景区', '磨山', '斗战胜佛', '吹笛景区']
2026-10-04 00:42:03 [INFO] spatial -   Day3（9 个）：['地藏菩萨', '武汉莲华寺', '灵泉寺', '八分山', '江夏菩提寺', '武汉大学', '武汉大学信息学部', '卓刀泉寺', '凌波门东湖观景点']
2026-10-04 00:42:03 [INFO] spatial - 
未选中的点（20 个）
2026-10-04 00:42:03 [INFO] spatial - ============================================================
2026-10-04 00:42:03 [INFO] spatial - 地图已保存：spatial_sort_wuhan.html
2026-10-04 00:52:48 [INFO] spatial - ============================================================
2026-10-04 00:52:48 [INFO] spatial - 空间排序：60 个候选，3 天，住宿=武昌区
2026-10-04 00:52:48 [INFO] spatial - ============================================================
2026-10-04 00:52:48 [INFO] spatial - 严格去重：60 → 59
2026-10-04 00:52:49 [INFO] spatial - 切小簇：59 点 → 32 簇
2026-10-04 00:52:49 [INFO] spatial - 住宿区 [武昌区] 坐标：(30.5460, 114.3160)
2026-10-04 00:52:49 [INFO] spatial - 单点吸收：6 个城区单点簇 → 吸进 7 个城区多簇
2026-10-04 00:52:49 [INFO] spatial - 城郊分离：城区 7 簇，郊区 19 簇搁置
2026-10-04 00:52:49 [INFO] spatial - 
2026-10-04 00:52:49 [INFO] spatial - 分天结果：
2026-10-04 00:52:49 [INFO] spatial -   Day1（7 个）：['黄鹤楼', '黄鹤楼公园', '昙华林', '辛亥革命博物院', '龙华寺', '长春观', '宝通禅寺']
2026-10-04 00:52:49 [INFO] spatial -   Day2（14 个）：['晴川阁', '铁佛寺', '归元禅寺', '晴川阁-禹稷行宫', '龟山风景区', '黎黄陂路旅游休闲街区', '武汉旅游观光巴士', '江汉关大楼', '吉庆街牌坊', '江汉关博物馆', '汉口栖隐寺', '汉口江滩', '武汉博物馆', '武汉园博园']
2026-10-04 00:52:49 [INFO] spatial -   Day3（12 个）：['武汉大学', '武汉大学信息学部', '卓刀泉寺', '凌波门东湖观景点', '湖光序曲', '湖北省博物馆', '落雁景区', '东湖生态旅游风景区', '东湖磨山景区', '磨山', '斗战胜佛', '吹笛景区']
2026-10-04 00:52:49 [INFO] spatial - 
未选中的点（26 个）
2026-10-04 00:52:49 [INFO] spatial - ============================================================
2026-10-04 00:52:49 [INFO] spatial - 地图已保存：spatial_sort_wuhan.html
2026-10-04 00:58:10 [INFO] spatial - ============================================================
2026-10-04 00:58:10 [INFO] spatial - 空间排序：60 个候选，3 天，住宿=武昌区
2026-10-04 00:58:10 [INFO] spatial - ============================================================
2026-10-04 00:58:10 [INFO] spatial - 包含关系去重：60 → 53
2026-10-04 00:58:10 [INFO] spatial - 切小簇：53 点 → 28 簇
2026-10-04 00:58:10 [INFO] spatial - 住宿区 [武昌区] 坐标：(30.5460, 114.3160)
2026-10-04 00:58:10 [INFO] spatial - 单点吸收：3 个城区单点簇 → 吸进 7 个城区多簇
2026-10-04 00:58:10 [INFO] spatial - 城郊分离：城区 7 簇，郊区 18 簇搁置
2026-10-04 00:58:10 [INFO] spatial - 
2026-10-04 00:58:10 [INFO] spatial - 分天结果：
2026-10-04 00:58:10 [INFO] spatial -   Day1（8 个）：['晴川阁', '铁佛寺', '归元禅寺', '黄鹤楼', '龙华寺', '长春观', '昙华林', '辛亥革命博物院']
2026-10-04 00:58:10 [INFO] spatial -   Day2（9 个）：['武汉园博园', '武汉博物馆', '江汉关大楼', '吉庆街牌坊', '江汉关博物馆', '武汉旅游观光巴士', '黎黄陂路旅游休闲街区', '汉口江滩', '汉口栖隐寺']
2026-10-04 00:58:10 [INFO] spatial -   Day3（11 个）：['磨山', '落雁景区', '斗战胜佛', '东湖生态旅游风景区', '吹笛景区', '武汉大学', '卓刀泉寺', '宝通禅寺', '凌波门东湖观景点', '湖光序曲', '湖北省博物馆']
2026-10-04 00:58:10 [INFO] spatial - 
未选中的点（25 个）
2026-10-04 00:58:10 [INFO] spatial - ============================================================
2026-10-04 00:58:11 [INFO] spatial - 地图已保存：spatial_sort_wuhan.html
2026-10-04 01:21:23 [INFO] spatial - ============================================================
2026-10-04 01:21:23 [INFO] spatial - 空间排序：60 个候选，3 天，住宿=武昌区
2026-10-04 01:21:23 [INFO] spatial - ============================================================
2026-10-04 01:21:23 [INFO] spatial - 包含关系去重：60 → 53
2026-10-04 01:21:23 [INFO] spatial - 切小簇：53 点 → 28 簇
2026-10-04 01:21:23 [INFO] spatial - 住宿区 [武昌区] 坐标：(30.5460, 114.3160)
2026-10-04 01:21:23 [INFO] spatial - 单点吸收：3 个城区单点簇 → 吸进 7 个城区多簇
2026-10-04 01:21:23 [INFO] spatial - 城郊分离：城区 7 簇，郊区 18 簇搁置
2026-10-04 01:21:23 [INFO] spatial - 
2026-10-04 01:21:23 [INFO] spatial - 分天结果：
2026-10-04 01:21:23 [INFO] spatial -   Day1（8 个）：['晴川阁', '铁佛寺', '归元禅寺', '黄鹤楼', '龙华寺', '长春观', '昙华林', '辛亥革命博物院']
2026-10-04 01:21:23 [INFO] spatial -   Day2（9 个）：['武汉园博园', '武汉博物馆', '江汉关大楼', '吉庆街牌坊', '江汉关博物馆', '武汉旅游观光巴士', '黎黄陂路旅游休闲街区', '汉口江滩', '汉口栖隐寺']
2026-10-04 01:21:23 [INFO] spatial -   Day3（11 个）：['磨山', '落雁景区', '斗战胜佛', '东湖生态旅游风景区', '吹笛景区', '武汉大学', '卓刀泉寺', '宝通禅寺', '凌波门东湖观景点', '湖光序曲', '湖北省博物馆']
2026-10-04 01:21:23 [INFO] spatial - 
未选中的点（25 个）
2026-10-04 01:21:23 [INFO] spatial - ============================================================
2026-10-04 01:23:58 [INFO] spatial - ============================================================
2026-10-04 01:23:58 [INFO] spatial - 空间排序：60 个候选，3 天，住宿=武昌区
2026-10-04 01:23:58 [INFO] spatial - ============================================================
2026-10-04 01:23:58 [INFO] spatial - 包含关系去重：60 → 53
2026-10-04 01:23:58 [INFO] spatial - 切小簇：53 点 → 28 簇
2026-10-04 01:23:58 [INFO] spatial - 住宿区 [武昌区] 坐标：(30.5460, 114.3160)
2026-10-04 01:23:58 [INFO] spatial - 单点吸收：3 个城区单点簇 → 吸进 7 个城区多簇
2026-10-04 01:23:58 [INFO] spatial - 城郊分离：城区 7 簇，郊区 18 簇搁置
2026-10-04 01:23:58 [INFO] spatial - 
2026-10-04 01:23:58 [INFO] spatial - 分天结果：
2026-10-04 01:23:58 [INFO] spatial -   Day1（8 个）：['晴川阁', '铁佛寺', '归元禅寺', '黄鹤楼', '龙华寺', '长春观', '昙华林', '辛亥革命博物院']
2026-10-04 01:23:58 [INFO] spatial -   Day2（9 个）：['武汉园博园', '武汉博物馆', '江汉关大楼', '吉庆街牌坊', '江汉关博物馆', '武汉旅游观光巴士', '黎黄陂路旅游休闲街区', '汉口江滩', '汉口栖隐寺']
2026-10-04 01:23:58 [INFO] spatial -   Day3（11 个）：['磨山', '落雁景区', '斗战胜佛', '东湖生态旅游风景区', '吹笛景区', '武汉大学', '卓刀泉寺', '宝通禅寺', '凌波门东湖观景点', '湖光序曲', '湖北省博物馆']
2026-10-04 01:23:58 [INFO] spatial - 
未选中的点（25 个）
2026-10-04 01:23:58 [INFO] spatial - ============================================================
2026-10-04 01:24:19 [INFO] spatial - ============================================================
2026-10-04 01:24:19 [INFO] spatial - 空间排序：60 个候选，3 天，住宿=武昌区
2026-10-04 01:24:19 [INFO] spatial - ============================================================
2026-10-04 01:24:19 [INFO] spatial - 包含关系去重：60 → 53
2026-10-04 01:24:20 [INFO] spatial - 切小簇：53 点 → 28 簇
2026-10-04 01:24:20 [INFO] spatial - 住宿区 [武昌区] 坐标：(30.5460, 114.3160)
2026-10-04 01:24:20 [INFO] spatial - 单点吸收：3 个城区单点簇 → 吸进 7 个城区多簇
2026-10-04 01:24:20 [INFO] spatial - 城郊分离：城区 7 簇，郊区 18 簇搁置
2026-10-04 01:24:20 [INFO] spatial - 
2026-10-04 01:24:20 [INFO] spatial - 分天结果：
2026-10-04 01:24:20 [INFO] spatial -   Day1（8 个）：['晴川阁', '铁佛寺', '归元禅寺', '黄鹤楼', '龙华寺', '长春观', '昙华林', '辛亥革命博物院']
2026-10-04 01:24:20 [INFO] spatial -   Day2（9 个）：['武汉园博园', '武汉博物馆', '江汉关大楼', '吉庆街牌坊', '江汉关博物馆', '武汉旅游观光巴士', '黎黄陂路旅游休闲街区', '汉口江滩', '汉口栖隐寺']
2026-10-04 01:24:20 [INFO] spatial -   Day3（11 个）：['磨山', '落雁景区', '斗战胜佛', '东湖生态旅游风景区', '吹笛景区', '武汉大学', '卓刀泉寺', '宝通禅寺', '凌波门东湖观景点', '湖光序曲', '湖北省博物馆']
2026-10-04 01:24:20 [INFO] spatial - 
未选中的点（25 个）
2026-10-04 01:24:20 [INFO] spatial - ============================================================
2026-10-04 01:27:24 [INFO] spatial - ============================================================
2026-10-04 01:27:24 [INFO] spatial - 空间排序：60 个候选，4 天，住宿=武昌区
2026-10-04 01:27:24 [INFO] spatial - ============================================================
2026-10-04 01:27:24 [INFO] spatial - 包含关系去重：60 → 53
2026-10-04 01:27:25 [INFO] spatial - 切小簇：53 点 → 28 簇
2026-10-04 01:27:25 [INFO] spatial - 住宿区 [武昌区] 坐标：(30.5460, 114.3160)
2026-10-04 01:27:25 [INFO] spatial - 单点吸收：3 个城区单点簇 → 吸进 7 个城区多簇
2026-10-04 01:27:25 [INFO] spatial - 城郊分离：城区 7 簇，郊区 18 簇搁置
2026-10-04 01:27:25 [INFO] spatial - 
2026-10-04 01:27:25 [INFO] spatial - 分天结果：
2026-10-04 01:27:25 [INFO] spatial -   Day1（8 个）：['晴川阁', '铁佛寺', '归元禅寺', '黄鹤楼', '龙华寺', '长春观', '昙华林', '辛亥革命博物院']
2026-10-04 01:27:25 [INFO] spatial -   Day2（12 个）：['磨山', '落雁景区', '斗战胜佛', '东湖生态旅游风景区', '吹笛景区', '江汉关大楼', '吉庆街牌坊', '江汉关博物馆', '武汉旅游观光巴士', '黎黄陂路旅游休闲街区', '汉口江滩', '汉口栖隐寺']
2026-10-04 01:27:25 [INFO] spatial -   Day3（6 个）：['武汉大学', '卓刀泉寺', '宝通禅寺', '凌波门东湖观景点', '湖光序曲', '湖北省博物馆']
2026-10-04 01:27:25 [INFO] spatial -   Day4（2 个）：['武汉园博园', '武汉博物馆']
2026-10-04 01:27:25 [INFO] spatial - 
未选中的点（25 个）
2026-10-04 01:27:25 [INFO] spatial - ============================================================
2026-10-04 01:29:47 [INFO] spatial - ============================================================
2026-10-04 01:29:47 [INFO] spatial - 空间排序：60 个候选，3 天，住宿=武昌区
2026-10-04 01:29:47 [INFO] spatial - ============================================================
2026-10-04 01:29:47 [INFO] spatial - 包含关系去重：60 → 53
2026-10-04 01:29:48 [INFO] spatial - 切小簇：53 点 → 28 簇
2026-10-04 01:29:48 [INFO] spatial - 住宿区 [武昌区] 坐标：(30.5460, 114.3160)
2026-10-04 01:29:48 [INFO] spatial - 单点吸收：3 个城区单点簇 → 吸进 7 个城区多簇
2026-10-04 01:29:48 [INFO] spatial - 城郊分离：城区 7 簇，郊区 18 簇搁置
2026-10-04 01:29:48 [INFO] spatial - 
2026-10-04 01:29:48 [INFO] spatial - 分天结果：
2026-10-04 01:29:48 [INFO] spatial -   Day1（8 个）：['晴川阁', '铁佛寺', '归元禅寺', '黄鹤楼', '龙华寺', '长春观', '昙华林', '辛亥革命博物院']
2026-10-04 01:29:48 [INFO] spatial -   Day2（9 个）：['武汉园博园', '武汉博物馆', '江汉关大楼', '吉庆街牌坊', '江汉关博物馆', '武汉旅游观光巴士', '黎黄陂路旅游休闲街区', '汉口江滩', '汉口栖隐寺']
2026-10-04 01:29:48 [INFO] spatial -   Day3（11 个）：['磨山', '落雁景区', '斗战胜佛', '东湖生态旅游风景区', '吹笛景区', '武汉大学', '卓刀泉寺', '宝通禅寺', '凌波门东湖观景点', '湖光序曲', '湖北省博物馆']
2026-10-04 01:29:48 [INFO] spatial - 
未选中的点（25 个）
2026-10-04 01:29:48 [INFO] spatial - ============================================================
2026-10-05 01:22:36 [INFO] spatial - ============================================================
2026-10-05 01:22:36 [INFO] spatial - 空间排序：60 个候选，3 天，住宿=武昌区
2026-10-05 01:22:36 [INFO] spatial - ============================================================
2026-10-05 01:22:36 [INFO] spatial - 包含关系去重：60 → 52
2026-10-05 01:22:47 [INFO] spatial - ============================================================
2026-10-05 01:22:47 [INFO] spatial - 空间排序：60 个候选，3 天，住宿=武昌区
2026-10-05 01:22:47 [INFO] spatial - ============================================================
2026-10-05 01:22:47 [INFO] spatial - 包含关系去重：60 → 52
2026-10-05 01:23:14 [INFO] spatial - ============================================================
2026-10-05 01:23:14 [INFO] spatial - 空间排序：60 个候选，3 天，住宿=武昌区
2026-10-05 01:23:14 [INFO] spatial - ============================================================
2026-10-05 01:23:14 [INFO] spatial - 包含关系去重：60 → 52
2026-10-05 01:24:34 [INFO] spatial - ============================================================
2026-10-05 01:24:34 [INFO] spatial - 空间排序：60 个候选，3 天，住宿=武昌区
2026-10-05 01:24:34 [INFO] spatial - ============================================================
2026-10-05 01:24:34 [INFO] spatial - 包含关系去重：60 → 52
2026-10-05 01:24:34 [INFO] spatial - 切小簇：52 点 → 25 簇
2026-10-05 01:24:34 [INFO] spatial - 住宿区 [武昌区] 坐标：(30.5542, 114.3165)
2026-10-05 01:24:34 [INFO] spatial - 单点吸收：1 个城区单点簇 → 吸进 9 个城区多簇
2026-10-05 01:24:34 [INFO] spatial - 城郊分离：城区 9 簇，郊区 15 簇搁置
2026-10-05 01:24:34 [INFO] spatial - 
2026-10-05 01:24:34 [INFO] spatial - 分天结果：
2026-10-05 01:24:34 [INFO] spatial -   Day1（13 个）：['晴川阁', '户部巷风情街', '户部巷小吃一条街', '昙华林', '黄鹤楼', '龙华寺', '吉庆街', '吉庆民俗街', '汉口栖隐寺', '江汉路步行街', '世纪江尚商业街', '铁佛寺', '长堤街夜市']
2026-10-05 01:24:34 [INFO] spatial -   Day2（9 个）：['黎黄陂路街头博物馆', '黎黄陂路旅游休闲街区', '武汉江滩1期(沿江大道)', '楚河汉街', '后街夜市', '武昌江滩', '汉口江滩', '铁机路江滩灯塔', '古德寺(宗教活动场所)(暂停开放)']
2026-10-05 01:24:34 [INFO] spatial -   Day3（9 个）：['湖光序曲', '落雁景区', '东湖听涛景区', '光谷小吃街', '意大利风情街', '长亭古道商业街', '光谷西班牙风情街', '世界城光谷步行街', '华中农业大学梧桐路步行街']
2026-10-05 01:24:34 [INFO] spatial - 
未选中的点（21 个）
2026-10-05 01:24:34 [INFO] spatial - ============================================================
2026-10-05 01:29:05 [INFO] spatial - ============================================================
2026-10-05 01:29:05 [INFO] spatial - 空间排序：60 个候选，3 天，住宿=武昌区
2026-10-05 01:29:05 [INFO] spatial - ============================================================
2026-10-05 01:29:05 [INFO] spatial - 包含关系去重：60 → 52
2026-10-05 01:29:05 [INFO] spatial - 切小簇：52 点 → 25 簇
2026-10-05 01:29:05 [INFO] spatial - 住宿区 [武昌区] 坐标：(30.5542, 114.3165)
2026-10-05 01:29:05 [INFO] spatial - 单点吸收：1 个城区单点簇 → 吸进 9 个城区多簇
2026-10-05 01:29:05 [INFO] spatial - 城郊分离：城区 9 簇，郊区 15 簇搁置
2026-10-05 01:29:05 [INFO] spatial - 
2026-10-05 01:29:05 [INFO] spatial - 分天结果：
2026-10-05 01:29:05 [INFO] spatial -   Day1（13 个）：['晴川阁', '户部巷风情街', '户部巷小吃一条街', '昙华林', '黄鹤楼', '龙华寺', '吉庆街', '吉庆民俗街', '汉口栖隐寺', '江汉路步行街', '世纪江尚商业街', '铁佛寺', '长堤街夜市']
2026-10-05 01:29:05 [INFO] spatial -   Day2（9 个）：['黎黄陂路街头博物馆', '黎黄陂路旅游休闲街区', '武汉江滩1期(沿江大道)', '楚河汉街', '后街夜市', '武昌江滩', '汉口江滩', '铁机路江滩灯塔', '古德寺(宗教活动场所)(暂停开放)']
2026-10-05 01:29:05 [INFO] spatial -   Day3（9 个）：['湖光序曲', '落雁景区', '东湖听涛景区', '光谷小吃街', '意大利风情街', '长亭古道商业街', '光谷西班牙风情街', '世界城光谷步行街', '华中农业大学梧桐路步行街']
2026-10-05 01:29:05 [INFO] spatial - 
未选中的点（21 个）
2026-10-05 01:29:05 [INFO] spatial - ============================================================
2026-10-05 01:40:41 [INFO] spatial - ============================================================
2026-10-05 01:40:41 [INFO] spatial - 空间排序：60 个候选，3 天，住宿=武昌区
2026-10-05 01:40:41 [INFO] spatial - ============================================================
2026-10-05 01:40:41 [INFO] spatial - 包含关系去重：60 → 52
2026-10-05 01:40:41 [INFO] spatial - 切小簇：52 点 → 25 簇
2026-10-05 01:40:41 [INFO] spatial - 住宿区 [武昌区] 坐标：(30.5542, 114.3165)
2026-10-05 01:40:41 [INFO] spatial - 单点吸收：1 个城区单点簇 → 吸进 9 个城区多簇
2026-10-05 01:40:41 [INFO] spatial - 城郊分离：城区 9 簇，郊区 15 簇搁置
2026-10-05 01:40:41 [INFO] spatial - 
2026-10-05 01:40:41 [INFO] spatial - 分天结果：
2026-10-05 01:40:41 [INFO] spatial -   Day1（13 个）：['晴川阁', '户部巷风情街', '户部巷小吃一条街', '昙华林', '黄鹤楼', '龙华寺', '吉庆街', '吉庆民俗街', '汉口栖隐寺', '江汉路步行街', '世纪江尚商业街', '铁佛寺', '长堤街夜市']
2026-10-05 01:40:41 [INFO] spatial -   Day2（9 个）：['黎黄陂路街头博物馆', '黎黄陂路旅游休闲街区', '武汉江滩1期(沿江大道)', '楚河汉街', '后街夜市', '武昌江滩', '汉口江滩', '铁机路江滩灯塔', '古德寺(宗教活动场所)(暂停开放)']
2026-10-05 01:40:41 [INFO] spatial -   Day3（9 个）：['湖光序曲', '落雁景区', '东湖听涛景区', '光谷小吃街', '意大利风情街', '长亭古道商业街', '光谷西班牙风情街', '世界城光谷步行街', '华中农业大学梧桐路步行街']
2026-10-05 01:40:41 [INFO] spatial - 
未选中的点（21 个）
2026-10-05 01:40:41 [INFO] spatial - ============================================================
2026-10-05 01:43:25 [INFO] spatial - ============================================================
2026-10-05 01:43:25 [INFO] spatial - 空间排序：60 个候选，3 天，住宿=武昌区
2026-10-05 01:43:25 [INFO] spatial - ============================================================
2026-10-05 01:43:25 [INFO] spatial - 包含关系去重：60 → 52
2026-10-05 01:43:26 [INFO] spatial - 切小簇：52 点 → 25 簇
2026-10-05 01:43:26 [INFO] spatial - 住宿区 [武昌区] 坐标：(30.5542, 114.3165)
2026-10-05 01:43:26 [INFO] spatial - 单点吸收：1 个城区单点簇 → 吸进 9 个城区多簇
2026-10-05 01:43:26 [INFO] spatial - 城郊分离：城区 9 簇，郊区 15 簇搁置
2026-10-05 01:43:26 [INFO] spatial - 
2026-10-05 01:43:26 [INFO] spatial - 分天结果：
2026-10-05 01:43:26 [INFO] spatial -   Day1（13 个）：['晴川阁', '户部巷风情街', '户部巷小吃一条街', '昙华林', '黄鹤楼', '龙华寺', '吉庆街', '吉庆民俗街', '汉口栖隐寺', '江汉路步行街', '世纪江尚商业街', '铁佛寺', '长堤街夜市']
2026-10-05 01:43:26 [INFO] spatial -   Day2（9 个）：['黎黄陂路街头博物馆', '黎黄陂路旅游休闲街区', '武汉江滩1期(沿江大道)', '楚河汉街', '后街夜市', '武昌江滩', '汉口江滩', '铁机路江滩灯塔', '古德寺(宗教活动场所)(暂停开放)']
2026-10-05 01:43:26 [INFO] spatial -   Day3（9 个）：['湖光序曲', '落雁景区', '东湖听涛景区', '光谷小吃街', '意大利风情街', '长亭古道商业街', '光谷西班牙风情街', '世界城光谷步行街', '华中农业大学梧桐路步行街']
2026-10-05 01:43:26 [INFO] spatial - 
未选中的点（21 个）
2026-10-05 01:43:26 [INFO] spatial - ============================================================
2026-10-05 01:43:40 [INFO] spatial - ============================================================
2026-10-05 01:43:40 [INFO] spatial - 空间排序：60 个候选，3 天，住宿=武昌区
2026-10-05 01:43:40 [INFO] spatial - ============================================================
2026-10-05 01:43:41 [INFO] spatial - 包含关系去重：60 → 52
2026-10-05 01:43:41 [INFO] spatial - 切小簇：52 点 → 25 簇
2026-10-05 01:43:41 [INFO] spatial - 住宿区 [武昌区] 坐标：(30.5542, 114.3165)
2026-10-05 01:43:41 [INFO] spatial - 单点吸收：1 个城区单点簇 → 吸进 9 个城区多簇
2026-10-05 01:43:41 [INFO] spatial - 城郊分离：城区 9 簇，郊区 15 簇搁置
2026-10-05 01:43:41 [INFO] spatial - 
2026-10-05 01:43:41 [INFO] spatial - 分天结果：
2026-10-05 01:43:41 [INFO] spatial -   Day1（13 个）：['晴川阁', '户部巷风情街', '户部巷小吃一条街', '昙华林', '黄鹤楼', '龙华寺', '吉庆街', '吉庆民俗街', '汉口栖隐寺', '江汉路步行街', '世纪江尚商业街', '铁佛寺', '长堤街夜市']
2026-10-05 01:43:41 [INFO] spatial -   Day2（9 个）：['黎黄陂路街头博物馆', '黎黄陂路旅游休闲街区', '武汉江滩1期(沿江大道)', '楚河汉街', '后街夜市', '武昌江滩', '汉口江滩', '铁机路江滩灯塔', '古德寺(宗教活动场所)(暂停开放)']
2026-10-05 01:43:41 [INFO] spatial -   Day3（9 个）：['湖光序曲', '落雁景区', '东湖听涛景区', '光谷小吃街', '意大利风情街', '长亭古道商业街', '光谷西班牙风情街', '世界城光谷步行街', '华中农业大学梧桐路步行街']
2026-10-05 01:43:41 [INFO] spatial - 
未选中的点（21 个）
2026-10-05 01:43:41 [INFO] spatial - ============================================================
2026-10-05 01:49:17 [INFO] spatial - ============================================================
2026-10-05 01:49:17 [INFO] spatial - 空间排序：60 个候选，3 天，住宿=武昌区
2026-10-05 01:49:17 [INFO] spatial - ============================================================
2026-10-05 01:49:17 [INFO] spatial - 包含关系去重：60 → 52
2026-10-05 01:49:17 [INFO] spatial - 切小簇：52 点 → 25 簇
2026-10-05 01:49:17 [INFO] spatial - 住宿区 [武昌区] 坐标：(30.5542, 114.3165)
2026-10-05 01:49:17 [INFO] spatial - 单点吸收：1 个城区单点簇 → 吸进 9 个城区多簇
2026-10-05 01:49:17 [INFO] spatial - 城郊分离：城区 9 簇，郊区 15 簇搁置
2026-10-05 01:49:17 [INFO] spatial - 
2026-10-05 01:49:17 [INFO] spatial - 分天结果：
2026-10-05 01:49:17 [INFO] spatial -   Day1（8 个）：['晴川阁', '户部巷小吃一条街', '昙华林', '黄鹤楼', '龙华寺', '户部巷风情街', '铁佛寺', '长堤街夜市']
2026-10-05 01:49:17 [INFO] spatial -   Day2（14 个）：['吉庆街', '吉庆民俗街', '汉口栖隐寺', '江汉路步行街', '世纪江尚商业街', '黎黄陂路街头博物馆', '黎黄陂路旅游休闲街区', '武汉江滩1期(沿江大道)', '楚河汉街', '后街夜市', '武昌江滩', '汉口江滩', '铁机路江滩灯塔', '古德寺(宗教活动场所)(暂停开放)']
2026-10-05 01:49:17 [INFO] spatial -   Day3（9 个）：['湖光序曲', '落雁景区', '东湖听涛景区', '光谷小吃街', '意大利风情街', '长亭古道商业街', '光谷西班牙风情街', '世界城光谷步行街', '华中农业大学梧桐路步行街']
2026-10-05 01:49:17 [INFO] spatial - 
未选中的点（21 个）
2026-10-05 01:49:17 [INFO] spatial - ============================================================
2026-10-05 01:49:21 [INFO] spatial - ============================================================
2026-10-05 01:49:21 [INFO] spatial - 空间排序：60 个候选，3 天，住宿=武昌区
2026-10-05 01:49:21 [INFO] spatial - ============================================================
2026-10-05 01:49:21 [INFO] spatial - 包含关系去重：60 → 52
2026-10-05 01:49:21 [INFO] spatial - 切小簇：52 点 → 25 簇
2026-10-05 01:49:21 [INFO] spatial - 住宿区 [武昌区] 坐标：(30.5542, 114.3165)
2026-10-05 01:49:21 [INFO] spatial - 单点吸收：1 个城区单点簇 → 吸进 9 个城区多簇
2026-10-05 01:49:21 [INFO] spatial - 城郊分离：城区 9 簇，郊区 15 簇搁置
2026-10-05 01:49:21 [INFO] spatial - 
2026-10-05 01:49:21 [INFO] spatial - 分天结果：
2026-10-05 01:49:21 [INFO] spatial -   Day1（13 个）：['晴川阁', '户部巷小吃一条街', '昙华林', '黄鹤楼', '龙华寺', '户部巷风情街', '吉庆街', '吉庆民俗街', '汉口栖隐寺', '江汉路步行街', '世纪江尚商业街', '铁佛寺', '长堤街夜市']
2026-10-05 01:49:21 [INFO] spatial -   Day2（9 个）：['黎黄陂路街头博物馆', '黎黄陂路旅游休闲街区', '武汉江滩1期(沿江大道)', '楚河汉街', '武昌江滩', '后街夜市', '汉口江滩', '铁机路江滩灯塔', '古德寺(宗教活动场所)(暂停开放)']
2026-10-05 01:49:21 [INFO] spatial -   Day3（9 个）：['湖光序曲', '落雁景区', '东湖听涛景区', '光谷小吃街', '意大利风情街', '长亭古道商业街', '光谷西班牙风情街', '世界城光谷步行街', '华中农业大学梧桐路步行街']
2026-10-05 01:49:21 [INFO] spatial - 
未选中的点（21 个）
2026-10-05 01:49:21 [INFO] spatial - ============================================================
2026-10-05 01:49:25 [INFO] spatial - ============================================================
2026-10-05 01:49:25 [INFO] spatial - 空间排序：60 个候选，3 天，住宿=武昌区
2026-10-05 01:49:25 [INFO] spatial - ============================================================
2026-10-05 01:49:25 [INFO] spatial - 包含关系去重：60 → 52
2026-10-05 01:49:25 [INFO] spatial - 切小簇：52 点 → 24 簇
2026-10-05 01:49:25 [INFO] spatial - 住宿区 [武昌区] 坐标：(30.5542, 114.3165)
2026-10-05 01:49:25 [INFO] spatial - 单点吸收：2 个城区单点簇 → 吸进 8 个城区多簇
2026-10-05 01:49:25 [INFO] spatial - 城郊分离：城区 8 簇，郊区 14 簇搁置
2026-10-05 01:49:25 [INFO] spatial - 
2026-10-05 01:49:25 [INFO] spatial - 分天结果：
2026-10-05 01:49:25 [INFO] spatial -   Day1（16 个）：['晴川阁', '户部巷风情街', '户部巷小吃一条街', '昙华林', '黄鹤楼', '龙华寺', '吉庆街', '吉庆民俗街', '汉口栖隐寺', '江汉路步行街', '世纪江尚商业街', '黎黄陂路街头博物馆', '黎黄陂路旅游休闲街区', '武汉江滩1期(沿江大道)', '铁佛寺', '长堤街夜市']
2026-10-05 01:49:25 [INFO] spatial -   Day2（9 个）：['湖光序曲', '楚河汉街', '后街夜市', '东湖听涛景区', '落雁景区', '武昌江滩', '汉口江滩', '铁机路江滩灯塔', '古德寺(宗教活动场所)(暂停开放)']
2026-10-05 01:49:25 [INFO] spatial -   Day3（6 个）：['光谷小吃街', '意大利风情街', '长亭古道商业街', '光谷西班牙风情街', '世界城光谷步行街', '华中农业大学梧桐路步行街']
2026-10-05 01:49:25 [INFO] spatial - 
未选中的点（21 个）
2026-10-05 01:49:25 [INFO] spatial - ============================================================
2026-10-05 01:49:29 [INFO] spatial - ============================================================
2026-10-05 01:49:29 [INFO] spatial - 空间排序：60 个候选，3 天，住宿=武昌区
2026-10-05 01:49:29 [INFO] spatial - ============================================================
2026-10-05 01:49:29 [INFO] spatial - 包含关系去重：60 → 52
2026-10-05 01:49:30 [INFO] spatial - 切小簇：52 点 → 25 簇
2026-10-05 01:49:30 [INFO] spatial - 住宿区 [武昌区] 坐标：(30.5542, 114.3165)
2026-10-05 01:49:30 [INFO] spatial - 单点吸收：1 个城区单点簇 → 吸进 9 个城区多簇
2026-10-05 01:49:30 [INFO] spatial - 城郊分离：城区 9 簇，郊区 15 簇搁置
2026-10-05 01:49:30 [INFO] spatial - 
2026-10-05 01:49:30 [INFO] spatial - 分天结果：
2026-10-05 01:49:30 [INFO] spatial -   Day1（13 个）：['晴川阁', '户部巷风情街', '户部巷小吃一条街', '昙华林', '黄鹤楼', '龙华寺', '吉庆街', '吉庆民俗街', '汉口栖隐寺', '江汉路步行街', '世纪江尚商业街', '铁佛寺', '长堤街夜市']
2026-10-05 01:49:30 [INFO] spatial -   Day2（9 个）：['黎黄陂路街头博物馆', '黎黄陂路旅游休闲街区', '武汉江滩1期(沿江大道)', '楚河汉街', '后街夜市', '武昌江滩', '汉口江滩', '铁机路江滩灯塔', '古德寺(宗教活动场所)(暂停开放)']
2026-10-05 01:49:30 [INFO] spatial -   Day3（9 个）：['湖光序曲', '落雁景区', '东湖听涛景区', '光谷小吃街', '意大利风情街', '长亭古道商业街', '光谷西班牙风情街', '世界城光谷步行街', '华中农业大学梧桐路步行街']
2026-10-05 01:49:30 [INFO] spatial - 
未选中的点（21 个）
2026-10-05 01:49:30 [INFO] spatial - ============================================================
2026-10-05 01:49:34 [INFO] spatial - ============================================================
2026-10-05 01:49:34 [INFO] spatial - 空间排序：60 个候选，3 天，住宿=武昌区
2026-10-05 01:49:34 [INFO] spatial - ============================================================
2026-10-05 01:49:34 [INFO] spatial - 包含关系去重：60 → 52
2026-10-05 01:49:34 [INFO] spatial - 切小簇：52 点 → 25 簇
2026-10-05 01:49:34 [INFO] spatial - 住宿区 [武昌区] 坐标：(30.5542, 114.3165)
2026-10-05 01:49:34 [INFO] spatial - 单点吸收：1 个城区单点簇 → 吸进 9 个城区多簇
2026-10-05 01:49:34 [INFO] spatial - 城郊分离：城区 9 簇，郊区 15 簇搁置
2026-10-05 01:49:34 [INFO] spatial - 
2026-10-05 01:49:34 [INFO] spatial - 分天结果：
2026-10-05 01:49:34 [INFO] spatial -   Day1（13 个）：['晴川阁', '户部巷小吃一条街', '昙华林', '黄鹤楼', '龙华寺', '户部巷风情街', '吉庆街', '吉庆民俗街', '汉口栖隐寺', '江汉路步行街', '世纪江尚商业街', '铁佛寺', '长堤街夜市']
2026-10-05 01:49:34 [INFO] spatial -   Day2（9 个）：['黎黄陂路街头博物馆', '黎黄陂路旅游休闲街区', '武汉江滩1期(沿江大道)', '楚河汉街', '后街夜市', '武昌江滩', '汉口江滩', '铁机路江滩灯塔', '古德寺(宗教活动场所)(暂停开放)']
2026-10-05 01:49:34 [INFO] spatial -   Day3（9 个）：['湖光序曲', '落雁景区', '东湖听涛景区', '光谷小吃街', '意大利风情街', '长亭古道商业街', '光谷西班牙风情街', '世界城光谷步行街', '华中农业大学梧桐路步行街']
2026-10-05 01:49:34 [INFO] spatial - 
未选中的点（21 个）
2026-10-05 01:49:34 [INFO] spatial - ============================================================
2026-10-05 01:49:38 [INFO] spatial - ============================================================
2026-10-05 01:49:38 [INFO] spatial - 空间排序：60 个候选，3 天，住宿=武昌区
2026-10-05 01:49:38 [INFO] spatial - ============================================================
2026-10-05 01:49:38 [INFO] spatial - 包含关系去重：60 → 52
2026-10-05 01:49:38 [INFO] spatial - 切小簇：52 点 → 25 簇
2026-10-05 01:49:38 [INFO] spatial - 住宿区 [武昌区] 坐标：(30.5542, 114.3165)
2026-10-05 01:49:38 [INFO] spatial - 单点吸收：1 个城区单点簇 → 吸进 9 个城区多簇
2026-10-05 01:49:38 [INFO] spatial - 城郊分离：城区 9 簇，郊区 15 簇搁置
2026-10-05 01:49:38 [INFO] spatial - 
2026-10-05 01:49:38 [INFO] spatial - 分天结果：
2026-10-05 01:49:38 [INFO] spatial -   Day1（13 个）：['晴川阁', '户部巷风情街', '户部巷小吃一条街', '昙华林', '黄鹤楼', '龙华寺', '吉庆街', '吉庆民俗街', '汉口栖隐寺', '江汉路步行街', '世纪江尚商业街', '铁佛寺', '长堤街夜市']
2026-10-05 01:49:38 [INFO] spatial -   Day2（9 个）：['黎黄陂路街头博物馆', '黎黄陂路旅游休闲街区', '武汉江滩1期(沿江大道)', '楚河汉街', '后街夜市', '武昌江滩', '汉口江滩', '铁机路江滩灯塔', '古德寺(宗教活动场所)(暂停开放)']
2026-10-05 01:49:38 [INFO] spatial -   Day3（9 个）：['湖光序曲', '落雁景区', '东湖听涛景区', '光谷小吃街', '意大利风情街', '长亭古道商业街', '光谷西班牙风情街', '世界城光谷步行街', '华中农业大学梧桐路步行街']
2026-10-05 01:49:38 [INFO] spatial - 
未选中的点（21 个）
2026-10-05 01:49:38 [INFO] spatial - ============================================================
2026-10-05 01:49:43 [INFO] spatial - ============================================================
2026-10-05 01:49:43 [INFO] spatial - 空间排序：60 个候选，3 天，住宿=武昌区
2026-10-05 01:49:43 [INFO] spatial - ============================================================
2026-10-05 01:49:43 [INFO] spatial - 包含关系去重：60 → 52
2026-10-05 01:49:43 [INFO] spatial - 切小簇：52 点 → 25 簇
2026-10-05 01:49:43 [INFO] spatial - 住宿区 [武昌区] 坐标：(30.5542, 114.3165)
2026-10-05 01:49:43 [INFO] spatial - 单点吸收：1 个城区单点簇 → 吸进 9 个城区多簇
2026-10-05 01:49:43 [INFO] spatial - 城郊分离：城区 9 簇，郊区 15 簇搁置
2026-10-05 01:49:43 [INFO] spatial - 
2026-10-05 01:49:43 [INFO] spatial - 分天结果：
2026-10-05 01:49:43 [INFO] spatial -   Day1（13 个）：['晴川阁', '户部巷风情街', '户部巷小吃一条街', '昙华林', '黄鹤楼', '龙华寺', '吉庆街', '吉庆民俗街', '汉口栖隐寺', '江汉路步行街', '世纪江尚商业街', '铁佛寺', '长堤街夜市']
2026-10-05 01:49:43 [INFO] spatial -   Day2（9 个）：['黎黄陂路街头博物馆', '黎黄陂路旅游休闲街区', '武汉江滩1期(沿江大道)', '楚河汉街', '武昌江滩', '后街夜市', '汉口江滩', '铁机路江滩灯塔', '古德寺(宗教活动场所)(暂停开放)']
2026-10-05 01:49:43 [INFO] spatial -   Day3（9 个）：['湖光序曲', '落雁景区', '东湖听涛景区', '光谷小吃街', '意大利风情街', '长亭古道商业街', '光谷西班牙风情街', '世界城光谷步行街', '华中农业大学梧桐路步行街']
2026-10-05 01:49:43 [INFO] spatial - 
未选中的点（21 个）
2026-10-05 01:49:43 [INFO] spatial - ============================================================
2026-10-05 01:49:48 [INFO] spatial - ============================================================
2026-10-05 01:49:48 [INFO] spatial - 空间排序：60 个候选，3 天，住宿=武昌区
2026-10-05 01:49:48 [INFO] spatial - ============================================================
2026-10-05 01:49:48 [INFO] spatial - 包含关系去重：60 → 52
2026-10-05 01:49:48 [INFO] spatial - 切小簇：52 点 → 25 簇
2026-10-05 01:49:48 [INFO] spatial - 住宿区 [武昌区] 坐标：(30.5542, 114.3165)
2026-10-05 01:49:48 [INFO] spatial - 单点吸收：1 个城区单点簇 → 吸进 9 个城区多簇
2026-10-05 01:49:48 [INFO] spatial - 城郊分离：城区 9 簇，郊区 15 簇搁置
2026-10-05 01:49:48 [INFO] spatial - 
2026-10-05 01:49:48 [INFO] spatial - 分天结果：
2026-10-05 01:49:48 [INFO] spatial -   Day1（13 个）：['晴川阁', '户部巷风情街', '户部巷小吃一条街', '昙华林', '黄鹤楼', '龙华寺', '吉庆街', '吉庆民俗街', '汉口栖隐寺', '江汉路步行街', '世纪江尚商业街', '铁佛寺', '长堤街夜市']
2026-10-05 01:49:48 [INFO] spatial -   Day2（9 个）：['黎黄陂路街头博物馆', '黎黄陂路旅游休闲街区', '武汉江滩1期(沿江大道)', '楚河汉街', '武昌江滩', '后街夜市', '汉口江滩', '铁机路江滩灯塔', '古德寺(宗教活动场所)(暂停开放)']
2026-10-05 01:49:48 [INFO] spatial -   Day3（9 个）：['湖光序曲', '落雁景区', '东湖听涛景区', '光谷小吃街', '意大利风情街', '长亭古道商业街', '光谷西班牙风情街', '世界城光谷步行街', '华中农业大学梧桐路步行街']
2026-10-05 01:49:48 [INFO] spatial - 
未选中的点（21 个）
2026-10-05 01:49:48 [INFO] spatial - ============================================================
2026-10-05 01:49:52 [INFO] spatial - ============================================================
2026-10-05 01:49:52 [INFO] spatial - 空间排序：60 个候选，3 天，住宿=武昌区
2026-10-05 01:49:52 [INFO] spatial - ============================================================
2026-10-05 01:49:52 [INFO] spatial - 包含关系去重：60 → 52
2026-10-05 01:49:52 [INFO] spatial - 切小簇：52 点 → 25 簇
2026-10-05 01:49:52 [INFO] spatial - 住宿区 [武昌区] 坐标：(30.5542, 114.3165)
2026-10-05 01:49:52 [INFO] spatial - 单点吸收：1 个城区单点簇 → 吸进 9 个城区多簇
2026-10-05 01:49:52 [INFO] spatial - 城郊分离：城区 9 簇，郊区 15 簇搁置
2026-10-05 01:49:52 [INFO] spatial - 
2026-10-05 01:49:52 [INFO] spatial - 分天结果：
2026-10-05 01:49:52 [INFO] spatial -   Day1（13 个）：['晴川阁', '户部巷风情街', '户部巷小吃一条街', '昙华林', '黄鹤楼', '龙华寺', '吉庆街', '吉庆民俗街', '汉口栖隐寺', '江汉路步行街', '世纪江尚商业街', '铁佛寺', '长堤街夜市']
2026-10-05 01:49:52 [INFO] spatial -   Day2（9 个）：['黎黄陂路街头博物馆', '黎黄陂路旅游休闲街区', '武汉江滩1期(沿江大道)', '楚河汉街', '后街夜市', '武昌江滩', '汉口江滩', '铁机路江滩灯塔', '古德寺(宗教活动场所)(暂停开放)']
2026-10-05 01:49:52 [INFO] spatial -   Day3（9 个）：['湖光序曲', '落雁景区', '东湖听涛景区', '光谷小吃街', '意大利风情街', '长亭古道商业街', '光谷西班牙风情街', '世界城光谷步行街', '华中农业大学梧桐路步行街']
2026-10-05 01:49:52 [INFO] spatial - 
未选中的点（21 个）
2026-10-05 01:49:52 [INFO] spatial - ============================================================
2026-10-05 01:49:56 [INFO] spatial - ============================================================
2026-10-05 01:49:56 [INFO] spatial - 空间排序：60 个候选，3 天，住宿=武昌区
2026-10-05 01:49:56 [INFO] spatial - ============================================================
2026-10-05 01:49:56 [INFO] spatial - 包含关系去重：60 → 52
2026-10-05 01:49:56 [INFO] spatial - 切小簇：52 点 → 25 簇
2026-10-05 01:49:56 [INFO] spatial - 住宿区 [武昌区] 坐标：(30.5542, 114.3165)
2026-10-05 01:49:56 [INFO] spatial - 单点吸收：1 个城区单点簇 → 吸进 9 个城区多簇
2026-10-05 01:49:56 [INFO] spatial - 城郊分离：城区 9 簇，郊区 15 簇搁置
2026-10-05 01:49:56 [INFO] spatial - 
2026-10-05 01:49:56 [INFO] spatial - 分天结果：
2026-10-05 01:49:56 [INFO] spatial -   Day1（13 个）：['晴川阁', '户部巷风情街', '户部巷小吃一条街', '昙华林', '黄鹤楼', '龙华寺', '吉庆街', '吉庆民俗街', '汉口栖隐寺', '江汉路步行街', '世纪江尚商业街', '铁佛寺', '长堤街夜市']
2026-10-05 01:49:56 [INFO] spatial -   Day2（9 个）：['黎黄陂路街头博物馆', '黎黄陂路旅游休闲街区', '武汉江滩1期(沿江大道)', '楚河汉街', '后街夜市', '武昌江滩', '汉口江滩', '铁机路江滩灯塔', '古德寺(宗教活动场所)(暂停开放)']
2026-10-05 01:49:56 [INFO] spatial -   Day3（9 个）：['湖光序曲', '落雁景区', '东湖听涛景区', '光谷小吃街', '意大利风情街', '长亭古道商业街', '光谷西班牙风情街', '世界城光谷步行街', '华中农业大学梧桐路步行街']
2026-10-05 01:49:56 [INFO] spatial - 
未选中的点（21 个）
2026-10-05 01:49:56 [INFO] spatial - ============================================================
2026-10-05 01:52:18 [INFO] spatial - ============================================================
2026-10-05 01:52:18 [INFO] spatial - 空间排序：60 个候选，3 天，住宿=武昌区
2026-10-05 01:52:18 [INFO] spatial - ============================================================
2026-10-05 01:52:18 [INFO] spatial - 包含关系去重：60 → 52
2026-10-05 01:52:18 [INFO] spatial - 切小簇：52 点 → 24 簇
2026-10-05 01:52:18 [INFO] spatial - 住宿区 [武昌区] 坐标：(30.5542, 114.3165)
2026-10-05 01:52:18 [INFO] spatial - 单点吸收：1 个城区单点簇 → 吸进 7 个城区多簇
2026-10-05 01:52:18 [INFO] spatial - 城郊分离：城区 7 簇，郊区 16 簇搁置
2026-10-05 01:52:18 [INFO] spatial - 
2026-10-05 01:52:18 [INFO] spatial - 分天结果：
2026-10-05 01:52:18 [INFO] spatial -   Day1（8 个）：['晴川阁', '铁佛寺', '归元禅寺', '黄鹤楼', '龙华寺', '辛亥革命博物院', '昙华林·蓝蝴蝶教堂', '昙华林历史文化街区']
2026-10-05 01:52:18 [INFO] spatial -   Day2（7 个）：['武汉博物馆', '古德寺(宗教活动场所)(暂停开放)', '汉口栖隐寺', '江汉关大楼', '江汉关博物馆', '汉口江滩-芦苇滩', '黎黄陂路街头博物馆']
2026-10-05 01:52:18 [INFO] spatial -   Day3（15 个）：['磨山', '落雁景区', '吹笛景区', '光谷西班牙风情街', '东湖生态旅游风景区', '湖光序曲', '武汉东湖', '东湖绿道', '湖北省博物馆', '东湖听涛景区', '武汉大学', '卓刀泉寺', '洪山公园', '凌波门东湖观景点', '华中农业大学梧桐路步行街']
2026-10-05 01:52:18 [INFO] spatial - 
未选中的点（22 个）
2026-10-05 01:52:18 [INFO] spatial - ============================================================
2026-10-05 01:52:18 [INFO] spatial - ============================================================
2026-10-05 01:52:18 [INFO] spatial - 空间排序：60 个候选，3 天，住宿=武昌区
2026-10-05 01:52:18 [INFO] spatial - ============================================================
2026-10-05 01:52:18 [INFO] spatial - 包含关系去重：60 → 52
2026-10-05 01:52:19 [INFO] spatial - 切小簇：52 点 → 22 簇
2026-10-05 01:52:19 [INFO] spatial - 住宿区 [武昌区] 坐标：(30.5542, 114.3165)
2026-10-05 01:52:19 [INFO] spatial - 单点吸收：2 个城区单点簇 → 吸进 6 个城区多簇
2026-10-05 01:52:19 [INFO] spatial - 城郊分离：城区 6 簇，郊区 14 簇搁置
2026-10-05 01:52:19 [INFO] spatial - 
2026-10-05 01:52:19 [INFO] spatial - 分天结果：
2026-10-05 01:52:19 [INFO] spatial -   Day1（10 个）：['晴川阁', '铁佛寺', '归元禅寺', '汉口栖隐寺', '江汉关大楼', '江汉关博物馆', '汉口江滩-芦苇滩', '黎黄陂路街头博物馆', '武汉博物馆', '古德寺(宗教活动场所)(暂停开放)']
2026-10-05 01:52:19 [INFO] spatial -   Day2（10 个）：['磨山', '落雁景区', '吹笛景区', '光谷西班牙风情街', '东湖生态旅游风景区', '黄鹤楼', '龙华寺', '辛亥革命博物院', '昙华林·蓝蝴蝶教堂', '昙华林历史文化街区']
2026-10-05 01:52:19 [INFO] spatial -   Day3（10 个）：['湖光序曲', '武汉东湖', '东湖绿道', '湖北省博物馆', '东湖听涛景区', '武汉大学', '卓刀泉寺', '洪山公园', '凌波门东湖观景点', '华中农业大学梧桐路步行街']
2026-10-05 01:52:19 [INFO] spatial - 
未选中的点（22 个）
2026-10-05 01:52:19 [INFO] spatial - ============================================================
2026-10-05 01:52:19 [INFO] spatial - ============================================================
2026-10-05 01:52:19 [INFO] spatial - 空间排序：60 个候选，3 天，住宿=武昌区
2026-10-05 01:52:19 [INFO] spatial - ============================================================
2026-10-05 01:52:19 [INFO] spatial - 包含关系去重：60 → 52
2026-10-05 01:52:19 [INFO] spatial - 切小簇：52 点 → 23 簇
2026-10-05 01:52:19 [INFO] spatial - 住宿区 [武昌区] 坐标：(30.5542, 114.3165)
2026-10-05 01:52:19 [INFO] spatial - 单点吸收：1 个城区单点簇 → 吸进 6 个城区多簇
2026-10-05 01:52:19 [INFO] spatial - 城郊分离：城区 6 簇，郊区 16 簇搁置
2026-10-05 01:52:19 [INFO] spatial - 
2026-10-05 01:52:19 [INFO] spatial - 分天结果：
2026-10-05 01:52:19 [INFO] spatial -   Day1（10 个）：['晴川阁', '铁佛寺', '归元禅寺', '汉口栖隐寺', '江汉关大楼', '江汉关博物馆', '汉口江滩-芦苇滩', '黎黄陂路街头博物馆', '古德寺(宗教活动场所)(暂停开放)', '武汉博物馆']
2026-10-05 01:52:19 [INFO] spatial -   Day2（10 个）：['磨山', '落雁景区', '吹笛景区', '光谷西班牙风情街', '东湖生态旅游风景区', '黄鹤楼', '龙华寺', '辛亥革命博物院', '昙华林·蓝蝴蝶教堂', '昙华林历史文化街区']
2026-10-05 01:52:19 [INFO] spatial -   Day3（10 个）：['湖光序曲', '武汉东湖', '东湖绿道', '湖北省博物馆', '东湖听涛景区', '武汉大学', '卓刀泉寺', '洪山公园', '凌波门东湖观景点', '华中农业大学梧桐路步行街']
2026-10-05 01:52:19 [INFO] spatial - 
未选中的点（22 个）
2026-10-05 01:52:19 [INFO] spatial - ============================================================
2026-10-05 01:52:19 [INFO] spatial - ============================================================
2026-10-05 01:52:19 [INFO] spatial - 空间排序：60 个候选，3 天，住宿=武昌区
2026-10-05 01:52:19 [INFO] spatial - ============================================================
2026-10-05 01:52:19 [INFO] spatial - 包含关系去重：60 → 52
2026-10-05 01:52:19 [INFO] spatial - 切小簇：52 点 → 22 簇
2026-10-05 01:52:19 [INFO] spatial - 住宿区 [武昌区] 坐标：(30.5542, 114.3165)
2026-10-05 01:52:19 [INFO] spatial - 单点吸收：1 个城区单点簇 → 吸进 7 个城区多簇
2026-10-05 01:52:19 [INFO] spatial - 城郊分离：城区 7 簇，郊区 14 簇搁置
2026-10-05 01:52:19 [INFO] spatial - 
2026-10-05 01:52:19 [INFO] spatial - 分天结果：
2026-10-05 01:52:19 [INFO] spatial -   Day1（8 个）：['晴川阁', '铁佛寺', '归元禅寺', '黄鹤楼', '龙华寺', '辛亥革命博物院', '昙华林·蓝蝴蝶教堂', '昙华林历史文化街区']
2026-10-05 01:52:19 [INFO] spatial -   Day2（7 个）：['武汉博物馆', '古德寺(宗教活动场所)(暂停开放)', '汉口栖隐寺', '江汉关大楼', '江汉关博物馆', '汉口江滩-芦苇滩', '黎黄陂路街头博物馆']
2026-10-05 01:52:19 [INFO] spatial -   Day3（15 个）：['磨山', '落雁景区', '吹笛景区', '光谷西班牙风情街', '东湖生态旅游风景区', '湖光序曲', '武汉东湖', '东湖绿道', '湖北省博物馆', '东湖听涛景区', '武汉大学', '卓刀泉寺', '洪山公园', '凌波门东湖观景点', '华中农业大学梧桐路步行街']
2026-10-05 01:52:19 [INFO] spatial - 
未选中的点（22 个）
2026-10-05 01:52:19 [INFO] spatial - ============================================================
2026-10-05 01:52:19 [INFO] spatial - ============================================================
2026-10-05 01:52:19 [INFO] spatial - 空间排序：60 个候选，3 天，住宿=武昌区
2026-10-05 01:52:19 [INFO] spatial - ============================================================
2026-10-05 01:52:19 [INFO] spatial - 包含关系去重：60 → 52
2026-10-05 01:52:19 [INFO] spatial - 切小簇：52 点 → 21 簇
2026-10-05 01:52:19 [INFO] spatial - 住宿区 [武昌区] 坐标：(30.5542, 114.3165)
2026-10-05 01:52:19 [INFO] spatial - 单点吸收：0 个城区单点簇 → 吸进 7 个城区多簇
2026-10-05 01:52:19 [INFO] spatial - 城郊分离：城区 7 簇，郊区 14 簇搁置
2026-10-05 01:52:19 [INFO] spatial - 
2026-10-05 01:52:19 [INFO] spatial - 分天结果：
2026-10-05 01:52:19 [INFO] spatial -   Day1（8 个）：['晴川阁', '铁佛寺', '归元禅寺', '黄鹤楼', '龙华寺', '辛亥革命博物院', '昙华林·蓝蝴蝶教堂', '昙华林历史文化街区']
2026-10-05 01:52:19 [INFO] spatial -   Day2（7 个）：['武汉博物馆', '古德寺(宗教活动场所)(暂停开放)', '汉口栖隐寺', '江汉关大楼', '江汉关博物馆', '汉口江滩-芦苇滩', '黎黄陂路街头博物馆']
2026-10-05 01:52:19 [INFO] spatial -   Day3（15 个）：['磨山', '落雁景区', '吹笛景区', '光谷西班牙风情街', '东湖生态旅游风景区', '湖光序曲', '武汉东湖', '东湖绿道', '湖北省博物馆', '东湖听涛景区', '武汉大学', '卓刀泉寺', '洪山公园', '凌波门东湖观景点', '华中农业大学梧桐路步行街']
2026-10-05 01:52:19 [INFO] spatial - 
未选中的点（22 个）
2026-10-05 01:52:19 [INFO] spatial - ============================================================
2026-10-05 01:52:19 [INFO] spatial - ============================================================
2026-10-05 01:52:19 [INFO] spatial - 空间排序：60 个候选，3 天，住宿=武昌区
2026-10-05 01:52:19 [INFO] spatial - ============================================================
2026-10-05 01:52:19 [INFO] spatial - 包含关系去重：60 → 52
2026-10-05 01:52:19 [INFO] spatial - 切小簇：52 点 → 24 簇
2026-10-05 01:52:19 [INFO] spatial - 住宿区 [武昌区] 坐标：(30.5542, 114.3165)
2026-10-05 01:52:19 [INFO] spatial - 单点吸收：1 个城区单点簇 → 吸进 7 个城区多簇
2026-10-05 01:52:19 [INFO] spatial - 城郊分离：城区 7 簇，郊区 16 簇搁置
2026-10-05 01:52:19 [INFO] spatial - 
2026-10-05 01:52:19 [INFO] spatial - 分天结果：
2026-10-05 01:52:19 [INFO] spatial -   Day1（8 个）：['晴川阁', '铁佛寺', '归元禅寺', '黄鹤楼', '龙华寺', '辛亥革命博物院', '昙华林·蓝蝴蝶教堂', '昙华林历史文化街区']
2026-10-05 01:52:19 [INFO] spatial -   Day2（7 个）：['武汉博物馆', '古德寺(宗教活动场所)(暂停开放)', '汉口栖隐寺', '江汉关大楼', '江汉关博物馆', '汉口江滩-芦苇滩', '黎黄陂路街头博物馆']
2026-10-05 01:52:19 [INFO] spatial -   Day3（15 个）：['磨山', '落雁景区', '吹笛景区', '东湖生态旅游风景区', '湖光序曲', '武汉东湖', '东湖绿道', '湖北省博物馆', '东湖听涛景区', '武汉大学', '卓刀泉寺', '洪山公园', '凌波门东湖观景点', '光谷西班牙风情街', '华中农业大学梧桐路步行街']
2026-10-05 01:52:19 [INFO] spatial - 
未选中的点（22 个）
2026-10-05 01:52:19 [INFO] spatial - ============================================================
2026-10-05 01:52:19 [INFO] spatial - ============================================================
2026-10-05 01:52:19 [INFO] spatial - 空间排序：60 个候选，3 天，住宿=武昌区
2026-10-05 01:52:19 [INFO] spatial - ============================================================
2026-10-05 01:52:19 [INFO] spatial - 包含关系去重：60 → 52
2026-10-05 01:52:19 [INFO] spatial - 切小簇：52 点 → 27 簇
2026-10-05 01:52:19 [INFO] spatial - 住宿区 [武昌区] 坐标：(30.5542, 114.3165)
2026-10-05 01:52:19 [INFO] spatial - 单点吸收：3 个城区单点簇 → 吸进 8 个城区多簇
2026-10-05 01:52:19 [INFO] spatial - 城郊分离：城区 8 簇，郊区 16 簇搁置
2026-10-05 01:52:19 [INFO] spatial - 
2026-10-05 01:52:19 [INFO] spatial - 分天结果：
2026-10-05 01:52:19 [INFO] spatial -   Day1（15 个）：['黄鹤楼', '龙华寺', '辛亥革命博物院', '昙华林·蓝蝴蝶教堂', '昙华林历史文化街区', '晴川阁', '铁佛寺', '归元禅寺', '武汉博物馆', '古德寺(宗教活动场所)(暂停开放)', '汉口栖隐寺', '江汉关大楼', '江汉关博物馆', '汉口江滩-芦苇滩', '黎黄陂路街头博物馆']
2026-10-05 01:52:19 [INFO] spatial -   Day2（6 个）：['武汉大学', '洪山公园', '凌波门东湖观景点', '卓刀泉寺', '光谷西班牙风情街', '华中农业大学梧桐路步行街']
2026-10-05 01:52:19 [INFO] spatial -   Day3（9 个）：['磨山', '落雁景区', '东湖生态旅游风景区', '吹笛景区', '湖光序曲', '武汉东湖', '东湖绿道', '湖北省博物馆', '东湖听涛景区']
2026-10-05 01:52:19 [INFO] spatial - 
未选中的点（22 个）
2026-10-05 01:52:19 [INFO] spatial - ============================================================
2026-10-05 01:52:19 [INFO] spatial - ============================================================
2026-10-05 01:52:19 [INFO] spatial - 空间排序：60 个候选，3 天，住宿=武昌区
2026-10-05 01:52:19 [INFO] spatial - ============================================================
2026-10-05 01:52:19 [INFO] spatial - 包含关系去重：60 → 52
2026-10-05 01:52:19 [INFO] spatial - 切小簇：52 点 → 26 簇
2026-10-05 01:52:19 [INFO] spatial - 住宿区 [武昌区] 坐标：(30.5542, 114.3165)
2026-10-05 01:52:19 [INFO] spatial - 单点吸收：3 个城区单点簇 → 吸进 7 个城区多簇
2026-10-05 01:52:19 [INFO] spatial - 城郊分离：城区 7 簇，郊区 16 簇搁置
2026-10-05 01:52:19 [INFO] spatial - 
2026-10-05 01:52:19 [INFO] spatial - 分天结果：
2026-10-05 01:52:19 [INFO] spatial -   Day1（15 个）：['晴川阁', '铁佛寺', '归元禅寺', '汉口栖隐寺', '黄鹤楼', '龙华寺', '辛亥革命博物院', '昙华林·蓝蝴蝶教堂', '昙华林历史文化街区', '江汉关大楼', '江汉关博物馆', '汉口江滩-芦苇滩', '黎黄陂路街头博物馆', '古德寺(宗教活动场所)(暂停开放)', '武汉博物馆']
2026-10-05 01:52:19 [INFO] spatial -   Day2（6 个）：['武汉大学', '洪山公园', '凌波门东湖观景点', '卓刀泉寺', '光谷西班牙风情街', '华中农业大学梧桐路步行街']
2026-10-05 01:52:19 [INFO] spatial -   Day3（9 个）：['磨山', '落雁景区', '东湖生态旅游风景区', '吹笛景区', '湖光序曲', '武汉东湖', '东湖绿道', '湖北省博物馆', '东湖听涛景区']
2026-10-05 01:52:19 [INFO] spatial - 
未选中的点（22 个）
2026-10-05 01:52:19 [INFO] spatial - ============================================================
2026-10-05 01:52:19 [INFO] spatial - ============================================================
2026-10-05 01:52:19 [INFO] spatial - 空间排序：60 个候选，3 天，住宿=武昌区
2026-10-05 01:52:19 [INFO] spatial - ============================================================
2026-10-05 01:52:19 [INFO] spatial - 包含关系去重：60 → 52
2026-10-05 01:52:19 [INFO] spatial - 切小簇：52 点 → 21 簇
2026-10-05 01:52:19 [INFO] spatial - 住宿区 [武昌区] 坐标：(30.5542, 114.3165)
2026-10-05 01:52:19 [INFO] spatial - 单点吸收：0 个城区单点簇 → 吸进 7 个城区多簇
2026-10-05 01:52:19 [INFO] spatial - 城郊分离：城区 7 簇，郊区 14 簇搁置
2026-10-05 01:52:19 [INFO] spatial - 
2026-10-05 01:52:19 [INFO] spatial - 分天结果：
2026-10-05 01:52:19 [INFO] spatial -   Day1（8 个）：['晴川阁', '铁佛寺', '归元禅寺', '黄鹤楼', '龙华寺', '辛亥革命博物院', '昙华林·蓝蝴蝶教堂', '昙华林历史文化街区']
2026-10-05 01:52:19 [INFO] spatial -   Day2（7 个）：['武汉博物馆', '古德寺(宗教活动场所)(暂停开放)', '汉口栖隐寺', '江汉关大楼', '江汉关博物馆', '汉口江滩-芦苇滩', '黎黄陂路街头博物馆']
2026-10-05 01:52:19 [INFO] spatial -   Day3（15 个）：['磨山', '落雁景区', '吹笛景区', '光谷西班牙风情街', '东湖生态旅游风景区', '湖光序曲', '武汉东湖', '东湖绿道', '湖北省博物馆', '东湖听涛景区', '武汉大学', '卓刀泉寺', '洪山公园', '凌波门东湖观景点', '华中农业大学梧桐路步行街']
2026-10-05 01:52:19 [INFO] spatial - 
未选中的点（22 个）
2026-10-05 01:52:19 [INFO] spatial - ============================================================
2026-10-05 01:52:19 [INFO] spatial - ============================================================
2026-10-05 01:52:19 [INFO] spatial - 空间排序：60 个候选，3 天，住宿=武昌区
2026-10-05 01:52:19 [INFO] spatial - ============================================================
2026-10-05 01:52:19 [INFO] spatial - 包含关系去重：60 → 52
2026-10-05 01:52:19 [INFO] spatial - 切小簇：52 点 → 21 簇
2026-10-05 01:52:19 [INFO] spatial - 住宿区 [武昌区] 坐标：(30.5542, 114.3165)
2026-10-05 01:52:19 [INFO] spatial - 单点吸收：1 个城区单点簇 → 吸进 6 个城区多簇
2026-10-05 01:52:19 [INFO] spatial - 城郊分离：城区 6 簇，郊区 14 簇搁置
2026-10-05 01:52:19 [INFO] spatial - 
2026-10-05 01:52:19 [INFO] spatial - 分天结果：
2026-10-05 01:52:19 [INFO] spatial -   Day1（10 个）：['晴川阁', '铁佛寺', '归元禅寺', '汉口栖隐寺', '江汉关大楼', '江汉关博物馆', '汉口江滩-芦苇滩', '黎黄陂路街头博物馆', '古德寺(宗教活动场所)(暂停开放)', '武汉博物馆']
2026-10-05 01:52:19 [INFO] spatial -   Day2（10 个）：['磨山', '落雁景区', '吹笛景区', '光谷西班牙风情街', '东湖生态旅游风景区', '黄鹤楼', '龙华寺', '辛亥革命博物院', '昙华林·蓝蝴蝶教堂', '昙华林历史文化街区']
2026-10-05 01:52:19 [INFO] spatial -   Day3（10 个）：['湖光序曲', '武汉东湖', '东湖绿道', '湖北省博物馆', '东湖听涛景区', '武汉大学', '卓刀泉寺', '洪山公园', '凌波门东湖观景点', '华中农业大学梧桐路步行街']
2026-10-05 01:52:19 [INFO] spatial - 
未选中的点（22 个）
2026-10-05 01:52:19 [INFO] spatial - ============================================================
